20:32:37 **** Incremental Build of configuration Debug for project GestureControl ****
make -j8 all 
arm-none-eabi-gcc "../Core/Src/main.c" -mcpu=cortex-m4 -std=gnu11 -g3 -DDEBUG -DUSE_HAL_DRIVER -DSTM32F401xE -c -I../Core/Inc -I../Drivers/STM32F4xx_HAL_Driver/Inc -I../Drivers/STM32F4xx_HAL_Driver/Inc/Legacy -I../Drivers/CMSIS/Device/ST/STM32F4xx/Include -I../Drivers/CMSIS/Include -I"C:/Users/robel/GitHub/GestureControl/Code 2.0/GestureControl/Drivers/VL53L3CX_API_1.2.8" -I"C:/Users/robel/GitHub/GestureControl/Code 2.0/GestureControl/Drivers/VL53L3CX_API_1.2.8/platform/src" -I"C:/Users/robel/GitHub/GestureControl/Code 2.0/GestureControl/Drivers/VL53L3CX_API_1.2.8/platform/inc" -I"C:/Users/robel/GitHub/GestureControl/Code 2.0/GestureControl/Drivers/VL53L3CX_API_1.2.8/core/inc" -I"C:/Users/robel/GitHub/GestureControl/Code 2.0/GestureControl/Drivers/VL53L3CX_API_1.2.8/core/src" -O0 -ffunction-sections -fdata-sections -Wall -fstack-usage -MMD -MP -MF"Core/Src/main.d" -MT"Core/Src/main.o" --specs=nano.specs -mfpu=fpv4-sp-d16 -mfloat-abi=hard -mthumb -o "Core/Src/main.o"
arm-none-eabi-gcc -o "GestureControl.elf" @"objects.list"   -mcpu=cortex-m4 -T"C:\Users\robel\GitHub\GestureControl\Code 2.0\GestureControl\STM32F401RETX_FLASH.ld" --specs=nosys.specs -Wl,-Map="GestureControl.map" -Wl,--gc-sections -static --specs=nano.specs -mfpu=fpv4-sp-d16 -mfloat-abi=hard -mthumb -Wl,--start-group -lc -lm -Wl,--end-group
Finished building target: GestureControl.elf
 
arm-none-eabi-size   GestureControl.elf 
arm-none-eabi-objdump -h -S  GestureControl.elf  > "GestureControl.list"
arm-none-eabi-objcopy  -O binary  GestureControl.elf  "GestureControl.bin"
   text	   data	    bss	    dec	    hex	filename
  11628	    120	   1752	  13500	   34bc	GestureControl.elf
Finished building: default.size.stdout
 
Finished building: GestureControl.bin
 
Finished building: GestureControl.list
 
20:32:44 **** Incremental Build of configuration Debug for project GestureControl ****
make -j8 all 
arm-none-eabi-size   GestureControl.elf 
   text	   data	    bss	    dec	    hex	filename
  11628	    120	   1752	  13500	   34bc	GestureControl.elf
Finished building: default.size.stdout
 
