18:51:40 **** Incremental Build of configuration Debug for project GestureControl ****
make -j8 all 
arm-none-eabi-gcc "../Drivers/VL53L3CX_API_1.2.8/platform/src/vl53l3cx.c" -mcpu=cortex-m4 -std=gnu11 -g3 -DDEBUG -DUSE_HAL_DRIVER -DSTM32F401xE -c -I../Core/Inc -I../Drivers/STM32F4xx_HAL_Driver/Inc -I../Drivers/STM32F4xx_HAL_Driver/Inc/Legacy -I../Drivers/CMSIS/Device/ST/STM32F4xx/Include -I../Drivers/CMSIS/Include -I"C:/Users/robel/GitHub/GestureControl/Code 2.0/GestureControl/Drivers/VL53L3CX_API_1.2.8" -I"C:/Users/robel/GitHub/GestureControl/Code 2.0/GestureControl/Drivers/VL53L3CX_API_1.2.8/platform/src" -I"C:/Users/robel/GitHub/GestureControl/Code 2.0/GestureControl/Drivers/VL53L3CX_API_1.2.8/platform/inc" -I"C:/Users/robel/GitHub/GestureControl/Code 2.0/GestureControl/Drivers/VL53L3CX_API_1.2.8/core/inc" -I"C:/Users/robel/GitHub/GestureControl/Code 2.0/GestureControl/Drivers/VL53L3CX_API_1.2.8/core/src" -O0 -ffunction-sections -fdata-sections -Wall -fstack-usage -MMD -MP -MF"Drivers/VL53L3CX_API_1.2.8/platform/src/vl53l3cx.d" -MT"Drivers/VL53L3CX_API_1.2.8/platform/src/vl53l3cx.o" --specs=nano.specs -mfpu=fpv4-sp-d16 -mfloat-abi=hard -mthumb -o "Drivers/VL53L3CX_API_1.2.8/platform/src/vl53l3cx.o"
arm-none-eabi-gcc "../Drivers/VL53L3CX_API_1.2.8/platform/src/vl53lx_platform.c" -mcpu=cortex-m4 -std=gnu11 -g3 -DDEBUG -DUSE_HAL_DRIVER -DSTM32F401xE -c -I../Core/Inc -I../Drivers/STM32F4xx_HAL_Driver/Inc -I../Drivers/STM32F4xx_HAL_Driver/Inc/Legacy -I../Drivers/CMSIS/Device/ST/STM32F4xx/Include -I../Drivers/CMSIS/Include -I"C:/Users/robel/GitHub/GestureControl/Code 2.0/GestureControl/Drivers/VL53L3CX_API_1.2.8" -I"C:/Users/robel/GitHub/GestureControl/Code 2.0/GestureControl/Drivers/VL53L3CX_API_1.2.8/platform/src" -I"C:/Users/robel/GitHub/GestureControl/Code 2.0/GestureControl/Drivers/VL53L3CX_API_1.2.8/platform/inc" -I"C:/Users/robel/GitHub/GestureControl/Code 2.0/GestureControl/Drivers/VL53L3CX_API_1.2.8/core/inc" -I"C:/Users/robel/GitHub/GestureControl/Code 2.0/GestureControl/Drivers/VL53L3CX_API_1.2.8/core/src" -O0 -ffunction-sections -fdata-sections -Wall -fstack-usage -MMD -MP -MF"Drivers/VL53L3CX_API_1.2.8/platform/src/vl53lx_platform.d" -MT"Drivers/VL53L3CX_API_1.2.8/platform/src/vl53lx_platform.o" --specs=nano.specs -mfpu=fpv4-sp-d16 -mfloat-abi=hard -mthumb -o "Drivers/VL53L3CX_API_1.2.8/platform/src/vl53lx_platform.o"
arm-none-eabi-gcc "../Drivers/VL53L3CX_API_1.2.8/platform/src/vl53lx_platform_ipp.c" -mcpu=cortex-m4 -std=gnu11 -g3 -DDEBUG -DUSE_HAL_DRIVER -DSTM32F401xE -c -I../Core/Inc -I../Drivers/STM32F4xx_HAL_Driver/Inc -I../Drivers/STM32F4xx_HAL_Driver/Inc/Legacy -I../Drivers/CMSIS/Device/ST/STM32F4xx/Include -I../Drivers/CMSIS/Include -I"C:/Users/robel/GitHub/GestureControl/Code 2.0/GestureControl/Drivers/VL53L3CX_API_1.2.8" -I"C:/Users/robel/GitHub/GestureControl/Code 2.0/GestureControl/Drivers/VL53L3CX_API_1.2.8/platform/src" -I"C:/Users/robel/GitHub/GestureControl/Code 2.0/GestureControl/Drivers/VL53L3CX_API_1.2.8/platform/inc" -I"C:/Users/robel/GitHub/GestureControl/Code 2.0/GestureControl/Drivers/VL53L3CX_API_1.2.8/core/inc" -I"C:/Users/robel/GitHub/GestureControl/Code 2.0/GestureControl/Drivers/VL53L3CX_API_1.2.8/core/src" -O0 -ffunction-sections -fdata-sections -Wall -fstack-usage -MMD -MP -MF"Drivers/VL53L3CX_API_1.2.8/platform/src/vl53lx_platform_ipp.d" -MT"Drivers/VL53L3CX_API_1.2.8/platform/src/vl53lx_platform_ipp.o" --specs=nano.specs -mfpu=fpv4-sp-d16 -mfloat-abi=hard -mthumb -o "Drivers/VL53L3CX_API_1.2.8/platform/src/vl53lx_platform_ipp.o"
arm-none-eabi-gcc "../Drivers/VL53L3CX_API_1.2.8/platform/src/vl53lx_platform_log.c" -mcpu=cortex-m4 -std=gnu11 -g3 -DDEBUG -DUSE_HAL_DRIVER -DSTM32F401xE -c -I../Core/Inc -I../Drivers/STM32F4xx_HAL_Driver/Inc -I../Drivers/STM32F4xx_HAL_Driver/Inc/Legacy -I../Drivers/CMSIS/Device/ST/STM32F4xx/Include -I../Drivers/CMSIS/Include -I"C:/Users/robel/GitHub/GestureControl/Code 2.0/GestureControl/Drivers/VL53L3CX_API_1.2.8" -I"C:/Users/robel/GitHub/GestureControl/Code 2.0/GestureControl/Drivers/VL53L3CX_API_1.2.8/platform/src" -I"C:/Users/robel/GitHub/GestureControl/Code 2.0/GestureControl/Drivers/VL53L3CX_API_1.2.8/platform/inc" -I"C:/Users/robel/GitHub/GestureControl/Code 2.0/GestureControl/Drivers/VL53L3CX_API_1.2.8/core/inc" -I"C:/Users/robel/GitHub/GestureControl/Code 2.0/GestureControl/Drivers/VL53L3CX_API_1.2.8/core/src" -O0 -ffunction-sections -fdata-sections -Wall -fstack-usage -MMD -MP -MF"Drivers/VL53L3CX_API_1.2.8/platform/src/vl53lx_platform_log.d" -MT"Drivers/VL53L3CX_API_1.2.8/platform/src/vl53lx_platform_log.o" --specs=nano.specs -mfpu=fpv4-sp-d16 -mfloat-abi=hard -mthumb -o "Drivers/VL53L3CX_API_1.2.8/platform/src/vl53lx_platform_log.o"
arm-none-eabi-gcc "../Drivers/VL53L3CX_API_1.2.8/core/src/vl53lx_api.c" -mcpu=cortex-m4 -std=gnu11 -g3 -DDEBUG -DUSE_HAL_DRIVER -DSTM32F401xE -c -I../Core/Inc -I../Drivers/STM32F4xx_HAL_Driver/Inc -I../Drivers/STM32F4xx_HAL_Driver/Inc/Legacy -I../Drivers/CMSIS/Device/ST/STM32F4xx/Include -I../Drivers/CMSIS/Include -I"C:/Users/robel/GitHub/GestureControl/Code 2.0/GestureControl/Drivers/VL53L3CX_API_1.2.8" -I"C:/Users/robel/GitHub/GestureControl/Code 2.0/GestureControl/Drivers/VL53L3CX_API_1.2.8/platform/src" -I"C:/Users/robel/GitHub/GestureControl/Code 2.0/GestureControl/Drivers/VL53L3CX_API_1.2.8/platform/inc" -I"C:/Users/robel/GitHub/GestureControl/Code 2.0/GestureControl/Drivers/VL53L3CX_API_1.2.8/core/inc" -I"C:/Users/robel/GitHub/GestureControl/Code 2.0/GestureControl/Drivers/VL53L3CX_API_1.2.8/core/src" -O0 -ffunction-sections -fdata-sections -Wall -fstack-usage -MMD -MP -MF"Drivers/VL53L3CX_API_1.2.8/core/src/vl53lx_api.d" -MT"Drivers/VL53L3CX_API_1.2.8/core/src/vl53lx_api.o" --specs=nano.specs -mfpu=fpv4-sp-d16 -mfloat-abi=hard -mthumb -o "Drivers/VL53L3CX_API_1.2.8/core/src/vl53lx_api.o"
arm-none-eabi-gcc "../Drivers/VL53L3CX_API_1.2.8/core/src/vl53lx_api_calibration.c" -mcpu=cortex-m4 -std=gnu11 -g3 -DDEBUG -DUSE_HAL_DRIVER -DSTM32F401xE -c -I../Core/Inc -I../Drivers/STM32F4xx_HAL_Driver/Inc -I../Drivers/STM32F4xx_HAL_Driver/Inc/Legacy -I../Drivers/CMSIS/Device/ST/STM32F4xx/Include -I../Drivers/CMSIS/Include -I"C:/Users/robel/GitHub/GestureControl/Code 2.0/GestureControl/Drivers/VL53L3CX_API_1.2.8" -I"C:/Users/robel/GitHub/GestureControl/Code 2.0/GestureControl/Drivers/VL53L3CX_API_1.2.8/platform/src" -I"C:/Users/robel/GitHub/GestureControl/Code 2.0/GestureControl/Drivers/VL53L3CX_API_1.2.8/platform/inc" -I"C:/Users/robel/GitHub/GestureControl/Code 2.0/GestureControl/Drivers/VL53L3CX_API_1.2.8/core/inc" -I"C:/Users/robel/GitHub/GestureControl/Code 2.0/GestureControl/Drivers/VL53L3CX_API_1.2.8/core/src" -O0 -ffunction-sections -fdata-sections -Wall -fstack-usage -MMD -MP -MF"Drivers/VL53L3CX_API_1.2.8/core/src/vl53lx_api_calibration.d" -MT"Drivers/VL53L3CX_API_1.2.8/core/src/vl53lx_api_calibration.o" --specs=nano.specs -mfpu=fpv4-sp-d16 -mfloat-abi=hard -mthumb -o "Drivers/VL53L3CX_API_1.2.8/core/src/vl53lx_api_calibration.o"
arm-none-eabi-gcc "../Drivers/VL53L3CX_API_1.2.8/core/src/vl53lx_api_core.c" -mcpu=cortex-m4 -std=gnu11 -g3 -DDEBUG -DUSE_HAL_DRIVER -DSTM32F401xE -c -I../Core/Inc -I../Drivers/STM32F4xx_HAL_Driver/Inc -I../Drivers/STM32F4xx_HAL_Driver/Inc/Legacy -I../Drivers/CMSIS/Device/ST/STM32F4xx/Include -I../Drivers/CMSIS/Include -I"C:/Users/robel/GitHub/GestureControl/Code 2.0/GestureControl/Drivers/VL53L3CX_API_1.2.8" -I"C:/Users/robel/GitHub/GestureControl/Code 2.0/GestureControl/Drivers/VL53L3CX_API_1.2.8/platform/src" -I"C:/Users/robel/GitHub/GestureControl/Code 2.0/GestureControl/Drivers/VL53L3CX_API_1.2.8/platform/inc" -I"C:/Users/robel/GitHub/GestureControl/Code 2.0/GestureControl/Drivers/VL53L3CX_API_1.2.8/core/inc" -I"C:/Users/robel/GitHub/GestureControl/Code 2.0/GestureControl/Drivers/VL53L3CX_API_1.2.8/core/src" -O0 -ffunction-sections -fdata-sections -Wall -fstack-usage -MMD -MP -MF"Drivers/VL53L3CX_API_1.2.8/core/src/vl53lx_api_core.d" -MT"Drivers/VL53L3CX_API_1.2.8/core/src/vl53lx_api_core.o" --specs=nano.specs -mfpu=fpv4-sp-d16 -mfloat-abi=hard -mthumb -o "Drivers/VL53L3CX_API_1.2.8/core/src/vl53lx_api_core.o"
arm-none-eabi-gcc "../Drivers/VL53L3CX_API_1.2.8/core/src/vl53lx_api_debug.c" -mcpu=cortex-m4 -std=gnu11 -g3 -DDEBUG -DUSE_HAL_DRIVER -DSTM32F401xE -c -I../Core/Inc -I../Drivers/STM32F4xx_HAL_Driver/Inc -I../Drivers/STM32F4xx_HAL_Driver/Inc/Legacy -I../Drivers/CMSIS/Device/ST/STM32F4xx/Include -I../Drivers/CMSIS/Include -I"C:/Users/robel/GitHub/GestureControl/Code 2.0/GestureControl/Drivers/VL53L3CX_API_1.2.8" -I"C:/Users/robel/GitHub/GestureControl/Code 2.0/GestureControl/Drivers/VL53L3CX_API_1.2.8/platform/src" -I"C:/Users/robel/GitHub/GestureControl/Code 2.0/GestureControl/Drivers/VL53L3CX_API_1.2.8/platform/inc" -I"C:/Users/robel/GitHub/GestureControl/Code 2.0/GestureControl/Drivers/VL53L3CX_API_1.2.8/core/inc" -I"C:/Users/robel/GitHub/GestureControl/Code 2.0/GestureControl/Drivers/VL53L3CX_API_1.2.8/core/src" -O0 -ffunction-sections -fdata-sections -Wall -fstack-usage -MMD -MP -MF"Drivers/VL53L3CX_API_1.2.8/core/src/vl53lx_api_debug.d" -MT"Drivers/VL53L3CX_API_1.2.8/core/src/vl53lx_api_debug.o" --specs=nano.specs -mfpu=fpv4-sp-d16 -mfloat-abi=hard -mthumb -o "Drivers/VL53L3CX_API_1.2.8/core/src/vl53lx_api_debug.o"
arm-none-eabi-gcc "../Drivers/VL53L3CX_API_1.2.8/core/src/vl53lx_api_preset_modes.c" -mcpu=cortex-m4 -std=gnu11 -g3 -DDEBUG -DUSE_HAL_DRIVER -DSTM32F401xE -c -I../Core/Inc -I../Drivers/STM32F4xx_HAL_Driver/Inc -I../Drivers/STM32F4xx_HAL_Driver/Inc/Legacy -I../Drivers/CMSIS/Device/ST/STM32F4xx/Include -I../Drivers/CMSIS/Include -I"C:/Users/robel/GitHub/GestureControl/Code 2.0/GestureControl/Drivers/VL53L3CX_API_1.2.8" -I"C:/Users/robel/GitHub/GestureControl/Code 2.0/GestureControl/Drivers/VL53L3CX_API_1.2.8/platform/src" -I"C:/Users/robel/GitHub/GestureControl/Code 2.0/GestureControl/Drivers/VL53L3CX_API_1.2.8/platform/inc" -I"C:/Users/robel/GitHub/GestureControl/Code 2.0/GestureControl/Drivers/VL53L3CX_API_1.2.8/core/inc" -I"C:/Users/robel/GitHub/GestureControl/Code 2.0/GestureControl/Drivers/VL53L3CX_API_1.2.8/core/src" -O0 -ffunction-sections -fdata-sections -Wall -fstack-usage -MMD -MP -MF"Drivers/VL53L3CX_API_1.2.8/core/src/vl53lx_api_preset_modes.d" -MT"Drivers/VL53L3CX_API_1.2.8/core/src/vl53lx_api_preset_modes.o" --specs=nano.specs -mfpu=fpv4-sp-d16 -mfloat-abi=hard -mthumb -o "Drivers/VL53L3CX_API_1.2.8/core/src/vl53lx_api_preset_modes.o"
../Drivers/VL53L3CX_API_1.2.8/platform/src/vl53l3cx.c:43: warning: "UNUSED" redefined
   43 | #define UNUSED(x) (void)(x)
      | 
In file included from ../Drivers/STM32F4xx_HAL_Driver/Inc/stm32f4xx_hal_rcc.h:29,
                 from ../Core/Inc/stm32f4xx_hal_conf.h:275,
                 from ../Drivers/STM32F4xx_HAL_Driver/Inc/stm32f4xx_hal.h:30,
                 from C:/Users/robel/GitHub/GestureControl/Code 2.0/GestureControl/Drivers/VL53L3CX_API_1.2.8/platform/inc/vl53lx_platform_user_data.h:20,
                 from C:/Users/robel/GitHub/GestureControl/Code 2.0/GestureControl/Drivers/VL53L3CX_API_1.2.8/platform/inc/vl53lx_platform.h:20,
                 from ../Drivers/VL53L3CX_API_1.2.8/platform/src/vl53l3cx.c:21:
../Drivers/STM32F4xx_HAL_Driver/Inc/stm32f4xx_hal_def.h:58: note: this is the location of the previous definition
   58 | #define UNUSED(X) (void)X      /* To avoid gcc/g++ warnings */
      | 
arm-none-eabi-gcc "../Drivers/VL53L3CX_API_1.2.8/core/src/vl53lx_core.c" -mcpu=cortex-m4 -std=gnu11 -g3 -DDEBUG -DUSE_HAL_DRIVER -DSTM32F401xE -c -I../Core/Inc -I../Drivers/STM32F4xx_HAL_Driver/Inc -I../Drivers/STM32F4xx_HAL_Driver/Inc/Legacy -I../Drivers/CMSIS/Device/ST/STM32F4xx/Include -I../Drivers/CMSIS/Include -I"C:/Users/robel/GitHub/GestureControl/Code 2.0/GestureControl/Drivers/VL53L3CX_API_1.2.8" -I"C:/Users/robel/GitHub/GestureControl/Code 2.0/GestureControl/Drivers/VL53L3CX_API_1.2.8/platform/src" -I"C:/Users/robel/GitHub/GestureControl/Code 2.0/GestureControl/Drivers/VL53L3CX_API_1.2.8/platform/inc" -I"C:/Users/robel/GitHub/GestureControl/Code 2.0/GestureControl/Drivers/VL53L3CX_API_1.2.8/core/inc" -I"C:/Users/robel/GitHub/GestureControl/Code 2.0/GestureControl/Drivers/VL53L3CX_API_1.2.8/core/src" -O0 -ffunction-sections -fdata-sections -Wall -fstack-usage -MMD -MP -MF"Drivers/VL53L3CX_API_1.2.8/core/src/vl53lx_core.d" -MT"Drivers/VL53L3CX_API_1.2.8/core/src/vl53lx_core.o" --specs=nano.specs -mfpu=fpv4-sp-d16 -mfloat-abi=hard -mthumb -o "Drivers/VL53L3CX_API_1.2.8/core/src/vl53lx_core.o"
arm-none-eabi-gcc "../Drivers/VL53L3CX_API_1.2.8/core/src/vl53lx_core_support.c" -mcpu=cortex-m4 -std=gnu11 -g3 -DDEBUG -DUSE_HAL_DRIVER -DSTM32F401xE -c -I../Core/Inc -I../Drivers/STM32F4xx_HAL_Driver/Inc -I../Drivers/STM32F4xx_HAL_Driver/Inc/Legacy -I../Drivers/CMSIS/Device/ST/STM32F4xx/Include -I../Drivers/CMSIS/Include -I"C:/Users/robel/GitHub/GestureControl/Code 2.0/GestureControl/Drivers/VL53L3CX_API_1.2.8" -I"C:/Users/robel/GitHub/GestureControl/Code 2.0/GestureControl/Drivers/VL53L3CX_API_1.2.8/platform/src" -I"C:/Users/robel/GitHub/GestureControl/Code 2.0/GestureControl/Drivers/VL53L3CX_API_1.2.8/platform/inc" -I"C:/Users/robel/GitHub/GestureControl/Code 2.0/GestureControl/Drivers/VL53L3CX_API_1.2.8/core/inc" -I"C:/Users/robel/GitHub/GestureControl/Code 2.0/GestureControl/Drivers/VL53L3CX_API_1.2.8/core/src" -O0 -ffunction-sections -fdata-sections -Wall -fstack-usage -MMD -MP -MF"Drivers/VL53L3CX_API_1.2.8/core/src/vl53lx_core_support.d" -MT"Drivers/VL53L3CX_API_1.2.8/core/src/vl53lx_core_support.o" --specs=nano.specs -mfpu=fpv4-sp-d16 -mfloat-abi=hard -mthumb -o "Drivers/VL53L3CX_API_1.2.8/core/src/vl53lx_core_support.o"
arm-none-eabi-gcc "../Drivers/VL53L3CX_API_1.2.8/core/src/vl53lx_dmax.c" -mcpu=cortex-m4 -std=gnu11 -g3 -DDEBUG -DUSE_HAL_DRIVER -DSTM32F401xE -c -I../Core/Inc -I../Drivers/STM32F4xx_HAL_Driver/Inc -I../Drivers/STM32F4xx_HAL_Driver/Inc/Legacy -I../Drivers/CMSIS/Device/ST/STM32F4xx/Include -I../Drivers/CMSIS/Include -I"C:/Users/robel/GitHub/GestureControl/Code 2.0/GestureControl/Drivers/VL53L3CX_API_1.2.8" -I"C:/Users/robel/GitHub/GestureControl/Code 2.0/GestureControl/Drivers/VL53L3CX_API_1.2.8/platform/src" -I"C:/Users/robel/GitHub/GestureControl/Code 2.0/GestureControl/Drivers/VL53L3CX_API_1.2.8/platform/inc" -I"C:/Users/robel/GitHub/GestureControl/Code 2.0/GestureControl/Drivers/VL53L3CX_API_1.2.8/core/inc" -I"C:/Users/robel/GitHub/GestureControl/Code 2.0/GestureControl/Drivers/VL53L3CX_API_1.2.8/core/src" -O0 -ffunction-sections -fdata-sections -Wall -fstack-usage -MMD -MP -MF"Drivers/VL53L3CX_API_1.2.8/core/src/vl53lx_dmax.d" -MT"Drivers/VL53L3CX_API_1.2.8/core/src/vl53lx_dmax.o" --specs=nano.specs -mfpu=fpv4-sp-d16 -mfloat-abi=hard -mthumb -o "Drivers/VL53L3CX_API_1.2.8/core/src/vl53lx_dmax.o"
arm-none-eabi-gcc "../Drivers/VL53L3CX_API_1.2.8/core/src/vl53lx_hist_algos_gen3.c" -mcpu=cortex-m4 -std=gnu11 -g3 -DDEBUG -DUSE_HAL_DRIVER -DSTM32F401xE -c -I../Core/Inc -I../Drivers/STM32F4xx_HAL_Driver/Inc -I../Drivers/STM32F4xx_HAL_Driver/Inc/Legacy -I../Drivers/CMSIS/Device/ST/STM32F4xx/Include -I../Drivers/CMSIS/Include -I"C:/Users/robel/GitHub/GestureControl/Code 2.0/GestureControl/Drivers/VL53L3CX_API_1.2.8" -I"C:/Users/robel/GitHub/GestureControl/Code 2.0/GestureControl/Drivers/VL53L3CX_API_1.2.8/platform/src" -I"C:/Users/robel/GitHub/GestureControl/Code 2.0/GestureControl/Drivers/VL53L3CX_API_1.2.8/platform/inc" -I"C:/Users/robel/GitHub/GestureControl/Code 2.0/GestureControl/Drivers/VL53L3CX_API_1.2.8/core/inc" -I"C:/Users/robel/GitHub/GestureControl/Code 2.0/GestureControl/Drivers/VL53L3CX_API_1.2.8/core/src" -O0 -ffunction-sections -fdata-sections -Wall -fstack-usage -MMD -MP -MF"Drivers/VL53L3CX_API_1.2.8/core/src/vl53lx_hist_algos_gen3.d" -MT"Drivers/VL53L3CX_API_1.2.8/core/src/vl53lx_hist_algos_gen3.o" --specs=nano.specs -mfpu=fpv4-sp-d16 -mfloat-abi=hard -mthumb -o "Drivers/VL53L3CX_API_1.2.8/core/src/vl53lx_hist_algos_gen3.o"
arm-none-eabi-gcc "../Drivers/VL53L3CX_API_1.2.8/core/src/vl53lx_hist_algos_gen4.c" -mcpu=cortex-m4 -std=gnu11 -g3 -DDEBUG -DUSE_HAL_DRIVER -DSTM32F401xE -c -I../Core/Inc -I../Drivers/STM32F4xx_HAL_Driver/Inc -I../Drivers/STM32F4xx_HAL_Driver/Inc/Legacy -I../Drivers/CMSIS/Device/ST/STM32F4xx/Include -I../Drivers/CMSIS/Include -I"C:/Users/robel/GitHub/GestureControl/Code 2.0/GestureControl/Drivers/VL53L3CX_API_1.2.8" -I"C:/Users/robel/GitHub/GestureControl/Code 2.0/GestureControl/Drivers/VL53L3CX_API_1.2.8/platform/src" -I"C:/Users/robel/GitHub/GestureControl/Code 2.0/GestureControl/Drivers/VL53L3CX_API_1.2.8/platform/inc" -I"C:/Users/robel/GitHub/GestureControl/Code 2.0/GestureControl/Drivers/VL53L3CX_API_1.2.8/core/inc" -I"C:/Users/robel/GitHub/GestureControl/Code 2.0/GestureControl/Drivers/VL53L3CX_API_1.2.8/core/src" -O0 -ffunction-sections -fdata-sections -Wall -fstack-usage -MMD -MP -MF"Drivers/VL53L3CX_API_1.2.8/core/src/vl53lx_hist_algos_gen4.d" -MT"Drivers/VL53L3CX_API_1.2.8/core/src/vl53lx_hist_algos_gen4.o" --specs=nano.specs -mfpu=fpv4-sp-d16 -mfloat-abi=hard -mthumb -o "Drivers/VL53L3CX_API_1.2.8/core/src/vl53lx_hist_algos_gen4.o"
arm-none-eabi-gcc "../Drivers/VL53L3CX_API_1.2.8/core/src/vl53lx_hist_char.c" -mcpu=cortex-m4 -std=gnu11 -g3 -DDEBUG -DUSE_HAL_DRIVER -DSTM32F401xE -c -I../Core/Inc -I../Drivers/STM32F4xx_HAL_Driver/Inc -I../Drivers/STM32F4xx_HAL_Driver/Inc/Legacy -I../Drivers/CMSIS/Device/ST/STM32F4xx/Include -I../Drivers/CMSIS/Include -I"C:/Users/robel/GitHub/GestureControl/Code 2.0/GestureControl/Drivers/VL53L3CX_API_1.2.8" -I"C:/Users/robel/GitHub/GestureControl/Code 2.0/GestureControl/Drivers/VL53L3CX_API_1.2.8/platform/src" -I"C:/Users/robel/GitHub/GestureControl/Code 2.0/GestureControl/Drivers/VL53L3CX_API_1.2.8/platform/inc" -I"C:/Users/robel/GitHub/GestureControl/Code 2.0/GestureControl/Drivers/VL53L3CX_API_1.2.8/core/inc" -I"C:/Users/robel/GitHub/GestureControl/Code 2.0/GestureControl/Drivers/VL53L3CX_API_1.2.8/core/src" -O0 -ffunction-sections -fdata-sections -Wall -fstack-usage -MMD -MP -MF"Drivers/VL53L3CX_API_1.2.8/core/src/vl53lx_hist_char.d" -MT"Drivers/VL53L3CX_API_1.2.8/core/src/vl53lx_hist_char.o" --specs=nano.specs -mfpu=fpv4-sp-d16 -mfloat-abi=hard -mthumb -o "Drivers/VL53L3CX_API_1.2.8/core/src/vl53lx_hist_char.o"
arm-none-eabi-gcc "../Drivers/VL53L3CX_API_1.2.8/core/src/vl53lx_hist_core.c" -mcpu=cortex-m4 -std=gnu11 -g3 -DDEBUG -DUSE_HAL_DRIVER -DSTM32F401xE -c -I../Core/Inc -I../Drivers/STM32F4xx_HAL_Driver/Inc -I../Drivers/STM32F4xx_HAL_Driver/Inc/Legacy -I../Drivers/CMSIS/Device/ST/STM32F4xx/Include -I../Drivers/CMSIS/Include -I"C:/Users/robel/GitHub/GestureControl/Code 2.0/GestureControl/Drivers/VL53L3CX_API_1.2.8" -I"C:/Users/robel/GitHub/GestureControl/Code 2.0/GestureControl/Drivers/VL53L3CX_API_1.2.8/platform/src" -I"C:/Users/robel/GitHub/GestureControl/Code 2.0/GestureControl/Drivers/VL53L3CX_API_1.2.8/platform/inc" -I"C:/Users/robel/GitHub/GestureControl/Code 2.0/GestureControl/Drivers/VL53L3CX_API_1.2.8/core/inc" -I"C:/Users/robel/GitHub/GestureControl/Code 2.0/GestureControl/Drivers/VL53L3CX_API_1.2.8/core/src" -O0 -ffunction-sections -fdata-sections -Wall -fstack-usage -MMD -MP -MF"Drivers/VL53L3CX_API_1.2.8/core/src/vl53lx_hist_core.d" -MT"Drivers/VL53L3CX_API_1.2.8/core/src/vl53lx_hist_core.o" --specs=nano.specs -mfpu=fpv4-sp-d16 -mfloat-abi=hard -mthumb -o "Drivers/VL53L3CX_API_1.2.8/core/src/vl53lx_hist_core.o"
arm-none-eabi-gcc "../Drivers/VL53L3CX_API_1.2.8/core/src/vl53lx_hist_funcs.c" -mcpu=cortex-m4 -std=gnu11 -g3 -DDEBUG -DUSE_HAL_DRIVER -DSTM32F401xE -c -I../Core/Inc -I../Drivers/STM32F4xx_HAL_Driver/Inc -I../Drivers/STM32F4xx_HAL_Driver/Inc/Legacy -I../Drivers/CMSIS/Device/ST/STM32F4xx/Include -I../Drivers/CMSIS/Include -I"C:/Users/robel/GitHub/GestureControl/Code 2.0/GestureControl/Drivers/VL53L3CX_API_1.2.8" -I"C:/Users/robel/GitHub/GestureControl/Code 2.0/GestureControl/Drivers/VL53L3CX_API_1.2.8/platform/src" -I"C:/Users/robel/GitHub/GestureControl/Code 2.0/GestureControl/Drivers/VL53L3CX_API_1.2.8/platform/inc" -I"C:/Users/robel/GitHub/GestureControl/Code 2.0/GestureControl/Drivers/VL53L3CX_API_1.2.8/core/inc" -I"C:/Users/robel/GitHub/GestureControl/Code 2.0/GestureControl/Drivers/VL53L3CX_API_1.2.8/core/src" -O0 -ffunction-sections -fdata-sections -Wall -fstack-usage -MMD -MP -MF"Drivers/VL53L3CX_API_1.2.8/core/src/vl53lx_hist_funcs.d" -MT"Drivers/VL53L3CX_API_1.2.8/core/src/vl53lx_hist_funcs.o" --specs=nano.specs -mfpu=fpv4-sp-d16 -mfloat-abi=hard -mthumb -o "Drivers/VL53L3CX_API_1.2.8/core/src/vl53lx_hist_funcs.o"
arm-none-eabi-gcc "../Drivers/VL53L3CX_API_1.2.8/core/src/vl53lx_nvm.c" -mcpu=cortex-m4 -std=gnu11 -g3 -DDEBUG -DUSE_HAL_DRIVER -DSTM32F401xE -c -I../Core/Inc -I../Drivers/STM32F4xx_HAL_Driver/Inc -I../Drivers/STM32F4xx_HAL_Driver/Inc/Legacy -I../Drivers/CMSIS/Device/ST/STM32F4xx/Include -I../Drivers/CMSIS/Include -I"C:/Users/robel/GitHub/GestureControl/Code 2.0/GestureControl/Drivers/VL53L3CX_API_1.2.8" -I"C:/Users/robel/GitHub/GestureControl/Code 2.0/GestureControl/Drivers/VL53L3CX_API_1.2.8/platform/src" -I"C:/Users/robel/GitHub/GestureControl/Code 2.0/GestureControl/Drivers/VL53L3CX_API_1.2.8/platform/inc" -I"C:/Users/robel/GitHub/GestureControl/Code 2.0/GestureControl/Drivers/VL53L3CX_API_1.2.8/core/inc" -I"C:/Users/robel/GitHub/GestureControl/Code 2.0/GestureControl/Drivers/VL53L3CX_API_1.2.8/core/src" -O0 -ffunction-sections -fdata-sections -Wall -fstack-usage -MMD -MP -MF"Drivers/VL53L3CX_API_1.2.8/core/src/vl53lx_nvm.d" -MT"Drivers/VL53L3CX_API_1.2.8/core/src/vl53lx_nvm.o" --specs=nano.specs -mfpu=fpv4-sp-d16 -mfloat-abi=hard -mthumb -o "Drivers/VL53L3CX_API_1.2.8/core/src/vl53lx_nvm.o"
arm-none-eabi-gcc "../Drivers/VL53L3CX_API_1.2.8/core/src/vl53lx_nvm_debug.c" -mcpu=cortex-m4 -std=gnu11 -g3 -DDEBUG -DUSE_HAL_DRIVER -DSTM32F401xE -c -I../Core/Inc -I../Drivers/STM32F4xx_HAL_Driver/Inc -I../Drivers/STM32F4xx_HAL_Driver/Inc/Legacy -I../Drivers/CMSIS/Device/ST/STM32F4xx/Include -I../Drivers/CMSIS/Include -I"C:/Users/robel/GitHub/GestureControl/Code 2.0/GestureControl/Drivers/VL53L3CX_API_1.2.8" -I"C:/Users/robel/GitHub/GestureControl/Code 2.0/GestureControl/Drivers/VL53L3CX_API_1.2.8/platform/src" -I"C:/Users/robel/GitHub/GestureControl/Code 2.0/GestureControl/Drivers/VL53L3CX_API_1.2.8/platform/inc" -I"C:/Users/robel/GitHub/GestureControl/Code 2.0/GestureControl/Drivers/VL53L3CX_API_1.2.8/core/inc" -I"C:/Users/robel/GitHub/GestureControl/Code 2.0/GestureControl/Drivers/VL53L3CX_API_1.2.8/core/src" -O0 -ffunction-sections -fdata-sections -Wall -fstack-usage -MMD -MP -MF"Drivers/VL53L3CX_API_1.2.8/core/src/vl53lx_nvm_debug.d" -MT"Drivers/VL53L3CX_API_1.2.8/core/src/vl53lx_nvm_debug.o" --specs=nano.specs -mfpu=fpv4-sp-d16 -mfloat-abi=hard -mthumb -o "Drivers/VL53L3CX_API_1.2.8/core/src/vl53lx_nvm_debug.o"
arm-none-eabi-gcc "../Drivers/VL53L3CX_API_1.2.8/core/src/vl53lx_register_funcs.c" -mcpu=cortex-m4 -std=gnu11 -g3 -DDEBUG -DUSE_HAL_DRIVER -DSTM32F401xE -c -I../Core/Inc -I../Drivers/STM32F4xx_HAL_Driver/Inc -I../Drivers/STM32F4xx_HAL_Driver/Inc/Legacy -I../Drivers/CMSIS/Device/ST/STM32F4xx/Include -I../Drivers/CMSIS/Include -I"C:/Users/robel/GitHub/GestureControl/Code 2.0/GestureControl/Drivers/VL53L3CX_API_1.2.8" -I"C:/Users/robel/GitHub/GestureControl/Code 2.0/GestureControl/Drivers/VL53L3CX_API_1.2.8/platform/src" -I"C:/Users/robel/GitHub/GestureControl/Code 2.0/GestureControl/Drivers/VL53L3CX_API_1.2.8/platform/inc" -I"C:/Users/robel/GitHub/GestureControl/Code 2.0/GestureControl/Drivers/VL53L3CX_API_1.2.8/core/inc" -I"C:/Users/robel/GitHub/GestureControl/Code 2.0/GestureControl/Drivers/VL53L3CX_API_1.2.8/core/src" -O0 -ffunction-sections -fdata-sections -Wall -fstack-usage -MMD -MP -MF"Drivers/VL53L3CX_API_1.2.8/core/src/vl53lx_register_funcs.d" -MT"Drivers/VL53L3CX_API_1.2.8/core/src/vl53lx_register_funcs.o" --specs=nano.specs -mfpu=fpv4-sp-d16 -mfloat-abi=hard -mthumb -o "Drivers/VL53L3CX_API_1.2.8/core/src/vl53lx_register_funcs.o"
arm-none-eabi-gcc "../Drivers/VL53L3CX_API_1.2.8/core/src/vl53lx_sigma_estimate.c" -mcpu=cortex-m4 -std=gnu11 -g3 -DDEBUG -DUSE_HAL_DRIVER -DSTM32F401xE -c -I../Core/Inc -I../Drivers/STM32F4xx_HAL_Driver/Inc -I../Drivers/STM32F4xx_HAL_Driver/Inc/Legacy -I../Drivers/CMSIS/Device/ST/STM32F4xx/Include -I../Drivers/CMSIS/Include -I"C:/Users/robel/GitHub/GestureControl/Code 2.0/GestureControl/Drivers/VL53L3CX_API_1.2.8" -I"C:/Users/robel/GitHub/GestureControl/Code 2.0/GestureControl/Drivers/VL53L3CX_API_1.2.8/platform/src" -I"C:/Users/robel/GitHub/GestureControl/Code 2.0/GestureControl/Drivers/VL53L3CX_API_1.2.8/platform/inc" -I"C:/Users/robel/GitHub/GestureControl/Code 2.0/GestureControl/Drivers/VL53L3CX_API_1.2.8/core/inc" -I"C:/Users/robel/GitHub/GestureControl/Code 2.0/GestureControl/Drivers/VL53L3CX_API_1.2.8/core/src" -O0 -ffunction-sections -fdata-sections -Wall -fstack-usage -MMD -MP -MF"Drivers/VL53L3CX_API_1.2.8/core/src/vl53lx_sigma_estimate.d" -MT"Drivers/VL53L3CX_API_1.2.8/core/src/vl53lx_sigma_estimate.o" --specs=nano.specs -mfpu=fpv4-sp-d16 -mfloat-abi=hard -mthumb -o "Drivers/VL53L3CX_API_1.2.8/core/src/vl53lx_sigma_estimate.o"
arm-none-eabi-gcc "../Drivers/VL53L3CX_API_1.2.8/core/src/vl53lx_silicon_core.c" -mcpu=cortex-m4 -std=gnu11 -g3 -DDEBUG -DUSE_HAL_DRIVER -DSTM32F401xE -c -I../Core/Inc -I../Drivers/STM32F4xx_HAL_Driver/Inc -I../Drivers/STM32F4xx_HAL_Driver/Inc/Legacy -I../Drivers/CMSIS/Device/ST/STM32F4xx/Include -I../Drivers/CMSIS/Include -I"C:/Users/robel/GitHub/GestureControl/Code 2.0/GestureControl/Drivers/VL53L3CX_API_1.2.8" -I"C:/Users/robel/GitHub/GestureControl/Code 2.0/GestureControl/Drivers/VL53L3CX_API_1.2.8/platform/src" -I"C:/Users/robel/GitHub/GestureControl/Code 2.0/GestureControl/Drivers/VL53L3CX_API_1.2.8/platform/inc" -I"C:/Users/robel/GitHub/GestureControl/Code 2.0/GestureControl/Drivers/VL53L3CX_API_1.2.8/core/inc" -I"C:/Users/robel/GitHub/GestureControl/Code 2.0/GestureControl/Drivers/VL53L3CX_API_1.2.8/core/src" -O0 -ffunction-sections -fdata-sections -Wall -fstack-usage -MMD -MP -MF"Drivers/VL53L3CX_API_1.2.8/core/src/vl53lx_silicon_core.d" -MT"Drivers/VL53L3CX_API_1.2.8/core/src/vl53lx_silicon_core.o" --specs=nano.specs -mfpu=fpv4-sp-d16 -mfloat-abi=hard -mthumb -o "Drivers/VL53L3CX_API_1.2.8/core/src/vl53lx_silicon_core.o"
arm-none-eabi-gcc "../Drivers/VL53L3CX_API_1.2.8/core/src/vl53lx_wait.c" -mcpu=cortex-m4 -std=gnu11 -g3 -DDEBUG -DUSE_HAL_DRIVER -DSTM32F401xE -c -I../Core/Inc -I../Drivers/STM32F4xx_HAL_Driver/Inc -I../Drivers/STM32F4xx_HAL_Driver/Inc/Legacy -I../Drivers/CMSIS/Device/ST/STM32F4xx/Include -I../Drivers/CMSIS/Include -I"C:/Users/robel/GitHub/GestureControl/Code 2.0/GestureControl/Drivers/VL53L3CX_API_1.2.8" -I"C:/Users/robel/GitHub/GestureControl/Code 2.0/GestureControl/Drivers/VL53L3CX_API_1.2.8/platform/src" -I"C:/Users/robel/GitHub/GestureControl/Code 2.0/GestureControl/Drivers/VL53L3CX_API_1.2.8/platform/inc" -I"C:/Users/robel/GitHub/GestureControl/Code 2.0/GestureControl/Drivers/VL53L3CX_API_1.2.8/core/inc" -I"C:/Users/robel/GitHub/GestureControl/Code 2.0/GestureControl/Drivers/VL53L3CX_API_1.2.8/core/src" -O0 -ffunction-sections -fdata-sections -Wall -fstack-usage -MMD -MP -MF"Drivers/VL53L3CX_API_1.2.8/core/src/vl53lx_wait.d" -MT"Drivers/VL53L3CX_API_1.2.8/core/src/vl53lx_wait.o" --specs=nano.specs -mfpu=fpv4-sp-d16 -mfloat-abi=hard -mthumb -o "Drivers/VL53L3CX_API_1.2.8/core/src/vl53lx_wait.o"
arm-none-eabi-gcc "../Drivers/VL53L3CX_API_1.2.8/core/src/vl53lx_xtalk.c" -mcpu=cortex-m4 -std=gnu11 -g3 -DDEBUG -DUSE_HAL_DRIVER -DSTM32F401xE -c -I../Core/Inc -I../Drivers/STM32F4xx_HAL_Driver/Inc -I../Drivers/STM32F4xx_HAL_Driver/Inc/Legacy -I../Drivers/CMSIS/Device/ST/STM32F4xx/Include -I../Drivers/CMSIS/Include -I"C:/Users/robel/GitHub/GestureControl/Code 2.0/GestureControl/Drivers/VL53L3CX_API_1.2.8" -I"C:/Users/robel/GitHub/GestureControl/Code 2.0/GestureControl/Drivers/VL53L3CX_API_1.2.8/platform/src" -I"C:/Users/robel/GitHub/GestureControl/Code 2.0/GestureControl/Drivers/VL53L3CX_API_1.2.8/platform/inc" -I"C:/Users/robel/GitHub/GestureControl/Code 2.0/GestureControl/Drivers/VL53L3CX_API_1.2.8/core/inc" -I"C:/Users/robel/GitHub/GestureControl/Code 2.0/GestureControl/Drivers/VL53L3CX_API_1.2.8/core/src" -O0 -ffunction-sections -fdata-sections -Wall -fstack-usage -MMD -MP -MF"Drivers/VL53L3CX_API_1.2.8/core/src/vl53lx_xtalk.d" -MT"Drivers/VL53L3CX_API_1.2.8/core/src/vl53lx_xtalk.o" --specs=nano.specs -mfpu=fpv4-sp-d16 -mfloat-abi=hard -mthumb -o "Drivers/VL53L3CX_API_1.2.8/core/src/vl53lx_xtalk.o"
arm-none-eabi-gcc "../Drivers/STM32F4xx_HAL_Driver/Src/stm32f4xx_hal.c" -mcpu=cortex-m4 -std=gnu11 -g3 -DDEBUG -DUSE_HAL_DRIVER -DSTM32F401xE -c -I../Core/Inc -I../Drivers/STM32F4xx_HAL_Driver/Inc -I../Drivers/STM32F4xx_HAL_Driver/Inc/Legacy -I../Drivers/CMSIS/Device/ST/STM32F4xx/Include -I../Drivers/CMSIS/Include -I"C:/Users/robel/GitHub/GestureControl/Code 2.0/GestureControl/Drivers/VL53L3CX_API_1.2.8" -I"C:/Users/robel/GitHub/GestureControl/Code 2.0/GestureControl/Drivers/VL53L3CX_API_1.2.8/platform/src" -I"C:/Users/robel/GitHub/GestureControl/Code 2.0/GestureControl/Drivers/VL53L3CX_API_1.2.8/platform/inc" -I"C:/Users/robel/GitHub/GestureControl/Code 2.0/GestureControl/Drivers/VL53L3CX_API_1.2.8/core/inc" -I"C:/Users/robel/GitHub/GestureControl/Code 2.0/GestureControl/Drivers/VL53L3CX_API_1.2.8/core/src" -O0 -ffunction-sections -fdata-sections -Wall -fstack-usage -MMD -MP -MF"Drivers/STM32F4xx_HAL_Driver/Src/stm32f4xx_hal.d" -MT"Drivers/STM32F4xx_HAL_Driver/Src/stm32f4xx_hal.o" --specs=nano.specs -mfpu=fpv4-sp-d16 -mfloat-abi=hard -mthumb -o "Drivers/STM32F4xx_HAL_Driver/Src/stm32f4xx_hal.o"
arm-none-eabi-gcc "../Drivers/STM32F4xx_HAL_Driver/Src/stm32f4xx_hal_cortex.c" -mcpu=cortex-m4 -std=gnu11 -g3 -DDEBUG -DUSE_HAL_DRIVER -DSTM32F401xE -c -I../Core/Inc -I../Drivers/STM32F4xx_HAL_Driver/Inc -I../Drivers/STM32F4xx_HAL_Driver/Inc/Legacy -I../Drivers/CMSIS/Device/ST/STM32F4xx/Include -I../Drivers/CMSIS/Include -I"C:/Users/robel/GitHub/GestureControl/Code 2.0/GestureControl/Drivers/VL53L3CX_API_1.2.8" -I"C:/Users/robel/GitHub/GestureControl/Code 2.0/GestureControl/Drivers/VL53L3CX_API_1.2.8/platform/src" -I"C:/Users/robel/GitHub/GestureControl/Code 2.0/GestureControl/Drivers/VL53L3CX_API_1.2.8/platform/inc" -I"C:/Users/robel/GitHub/GestureControl/Code 2.0/GestureControl/Drivers/VL53L3CX_API_1.2.8/core/inc" -I"C:/Users/robel/GitHub/GestureControl/Code 2.0/GestureControl/Drivers/VL53L3CX_API_1.2.8/core/src" -O0 -ffunction-sections -fdata-sections -Wall -fstack-usage -MMD -MP -MF"Drivers/STM32F4xx_HAL_Driver/Src/stm32f4xx_hal_cortex.d" -MT"Drivers/STM32F4xx_HAL_Driver/Src/stm32f4xx_hal_cortex.o" --specs=nano.specs -mfpu=fpv4-sp-d16 -mfloat-abi=hard -mthumb -o "Drivers/STM32F4xx_HAL_Driver/Src/stm32f4xx_hal_cortex.o"
arm-none-eabi-gcc "../Drivers/STM32F4xx_HAL_Driver/Src/stm32f4xx_hal_dma.c" -mcpu=cortex-m4 -std=gnu11 -g3 -DDEBUG -DUSE_HAL_DRIVER -DSTM32F401xE -c -I../Core/Inc -I../Drivers/STM32F4xx_HAL_Driver/Inc -I../Drivers/STM32F4xx_HAL_Driver/Inc/Legacy -I../Drivers/CMSIS/Device/ST/STM32F4xx/Include -I../Drivers/CMSIS/Include -I"C:/Users/robel/GitHub/GestureControl/Code 2.0/GestureControl/Drivers/VL53L3CX_API_1.2.8" -I"C:/Users/robel/GitHub/GestureControl/Code 2.0/GestureControl/Drivers/VL53L3CX_API_1.2.8/platform/src" -I"C:/Users/robel/GitHub/GestureControl/Code 2.0/GestureControl/Drivers/VL53L3CX_API_1.2.8/platform/inc" -I"C:/Users/robel/GitHub/GestureControl/Code 2.0/GestureControl/Drivers/VL53L3CX_API_1.2.8/core/inc" -I"C:/Users/robel/GitHub/GestureControl/Code 2.0/GestureControl/Drivers/VL53L3CX_API_1.2.8/core/src" -O0 -ffunction-sections -fdata-sections -Wall -fstack-usage -MMD -MP -MF"Drivers/STM32F4xx_HAL_Driver/Src/stm32f4xx_hal_dma.d" -MT"Drivers/STM32F4xx_HAL_Driver/Src/stm32f4xx_hal_dma.o" --specs=nano.specs -mfpu=fpv4-sp-d16 -mfloat-abi=hard -mthumb -o "Drivers/STM32F4xx_HAL_Driver/Src/stm32f4xx_hal_dma.o"
arm-none-eabi-gcc "../Drivers/STM32F4xx_HAL_Driver/Src/stm32f4xx_hal_dma_ex.c" -mcpu=cortex-m4 -std=gnu11 -g3 -DDEBUG -DUSE_HAL_DRIVER -DSTM32F401xE -c -I../Core/Inc -I../Drivers/STM32F4xx_HAL_Driver/Inc -I../Drivers/STM32F4xx_HAL_Driver/Inc/Legacy -I../Drivers/CMSIS/Device/ST/STM32F4xx/Include -I../Drivers/CMSIS/Include -I"C:/Users/robel/GitHub/GestureControl/Code 2.0/GestureControl/Drivers/VL53L3CX_API_1.2.8" -I"C:/Users/robel/GitHub/GestureControl/Code 2.0/GestureControl/Drivers/VL53L3CX_API_1.2.8/platform/src" -I"C:/Users/robel/GitHub/GestureControl/Code 2.0/GestureControl/Drivers/VL53L3CX_API_1.2.8/platform/inc" -I"C:/Users/robel/GitHub/GestureControl/Code 2.0/GestureControl/Drivers/VL53L3CX_API_1.2.8/core/inc" -I"C:/Users/robel/GitHub/GestureControl/Code 2.0/GestureControl/Drivers/VL53L3CX_API_1.2.8/core/src" -O0 -ffunction-sections -fdata-sections -Wall -fstack-usage -MMD -MP -MF"Drivers/STM32F4xx_HAL_Driver/Src/stm32f4xx_hal_dma_ex.d" -MT"Drivers/STM32F4xx_HAL_Driver/Src/stm32f4xx_hal_dma_ex.o" --specs=nano.specs -mfpu=fpv4-sp-d16 -mfloat-abi=hard -mthumb -o "Drivers/STM32F4xx_HAL_Driver/Src/stm32f4xx_hal_dma_ex.o"
arm-none-eabi-gcc "../Drivers/STM32F4xx_HAL_Driver/Src/stm32f4xx_hal_exti.c" -mcpu=cortex-m4 -std=gnu11 -g3 -DDEBUG -DUSE_HAL_DRIVER -DSTM32F401xE -c -I../Core/Inc -I../Drivers/STM32F4xx_HAL_Driver/Inc -I../Drivers/STM32F4xx_HAL_Driver/Inc/Legacy -I../Drivers/CMSIS/Device/ST/STM32F4xx/Include -I../Drivers/CMSIS/Include -I"C:/Users/robel/GitHub/GestureControl/Code 2.0/GestureControl/Drivers/VL53L3CX_API_1.2.8" -I"C:/Users/robel/GitHub/GestureControl/Code 2.0/GestureControl/Drivers/VL53L3CX_API_1.2.8/platform/src" -I"C:/Users/robel/GitHub/GestureControl/Code 2.0/GestureControl/Drivers/VL53L3CX_API_1.2.8/platform/inc" -I"C:/Users/robel/GitHub/GestureControl/Code 2.0/GestureControl/Drivers/VL53L3CX_API_1.2.8/core/inc" -I"C:/Users/robel/GitHub/GestureControl/Code 2.0/GestureControl/Drivers/VL53L3CX_API_1.2.8/core/src" -O0 -ffunction-sections -fdata-sections -Wall -fstack-usage -MMD -MP -MF"Drivers/STM32F4xx_HAL_Driver/Src/stm32f4xx_hal_exti.d" -MT"Drivers/STM32F4xx_HAL_Driver/Src/stm32f4xx_hal_exti.o" --specs=nano.specs -mfpu=fpv4-sp-d16 -mfloat-abi=hard -mthumb -o "Drivers/STM32F4xx_HAL_Driver/Src/stm32f4xx_hal_exti.o"
arm-none-eabi-gcc "../Drivers/STM32F4xx_HAL_Driver/Src/stm32f4xx_hal_flash.c" -mcpu=cortex-m4 -std=gnu11 -g3 -DDEBUG -DUSE_HAL_DRIVER -DSTM32F401xE -c -I../Core/Inc -I../Drivers/STM32F4xx_HAL_Driver/Inc -I../Drivers/STM32F4xx_HAL_Driver/Inc/Legacy -I../Drivers/CMSIS/Device/ST/STM32F4xx/Include -I../Drivers/CMSIS/Include -I"C:/Users/robel/GitHub/GestureControl/Code 2.0/GestureControl/Drivers/VL53L3CX_API_1.2.8" -I"C:/Users/robel/GitHub/GestureControl/Code 2.0/GestureControl/Drivers/VL53L3CX_API_1.2.8/platform/src" -I"C:/Users/robel/GitHub/GestureControl/Code 2.0/GestureControl/Drivers/VL53L3CX_API_1.2.8/platform/inc" -I"C:/Users/robel/GitHub/GestureControl/Code 2.0/GestureControl/Drivers/VL53L3CX_API_1.2.8/core/inc" -I"C:/Users/robel/GitHub/GestureControl/Code 2.0/GestureControl/Drivers/VL53L3CX_API_1.2.8/core/src" -O0 -ffunction-sections -fdata-sections -Wall -fstack-usage -MMD -MP -MF"Drivers/STM32F4xx_HAL_Driver/Src/stm32f4xx_hal_flash.d" -MT"Drivers/STM32F4xx_HAL_Driver/Src/stm32f4xx_hal_flash.o" --specs=nano.specs -mfpu=fpv4-sp-d16 -mfloat-abi=hard -mthumb -o "Drivers/STM32F4xx_HAL_Driver/Src/stm32f4xx_hal_flash.o"
arm-none-eabi-gcc "../Drivers/STM32F4xx_HAL_Driver/Src/stm32f4xx_hal_flash_ex.c" -mcpu=cortex-m4 -std=gnu11 -g3 -DDEBUG -DUSE_HAL_DRIVER -DSTM32F401xE -c -I../Core/Inc -I../Drivers/STM32F4xx_HAL_Driver/Inc -I../Drivers/STM32F4xx_HAL_Driver/Inc/Legacy -I../Drivers/CMSIS/Device/ST/STM32F4xx/Include -I../Drivers/CMSIS/Include -I"C:/Users/robel/GitHub/GestureControl/Code 2.0/GestureControl/Drivers/VL53L3CX_API_1.2.8" -I"C:/Users/robel/GitHub/GestureControl/Code 2.0/GestureControl/Drivers/VL53L3CX_API_1.2.8/platform/src" -I"C:/Users/robel/GitHub/GestureControl/Code 2.0/GestureControl/Drivers/VL53L3CX_API_1.2.8/platform/inc" -I"C:/Users/robel/GitHub/GestureControl/Code 2.0/GestureControl/Drivers/VL53L3CX_API_1.2.8/core/inc" -I"C:/Users/robel/GitHub/GestureControl/Code 2.0/GestureControl/Drivers/VL53L3CX_API_1.2.8/core/src" -O0 -ffunction-sections -fdata-sections -Wall -fstack-usage -MMD -MP -MF"Drivers/STM32F4xx_HAL_Driver/Src/stm32f4xx_hal_flash_ex.d" -MT"Drivers/STM32F4xx_HAL_Driver/Src/stm32f4xx_hal_flash_ex.o" --specs=nano.specs -mfpu=fpv4-sp-d16 -mfloat-abi=hard -mthumb -o "Drivers/STM32F4xx_HAL_Driver/Src/stm32f4xx_hal_flash_ex.o"
arm-none-eabi-gcc "../Drivers/STM32F4xx_HAL_Driver/Src/stm32f4xx_hal_flash_ramfunc.c" -mcpu=cortex-m4 -std=gnu11 -g3 -DDEBUG -DUSE_HAL_DRIVER -DSTM32F401xE -c -I../Core/Inc -I../Drivers/STM32F4xx_HAL_Driver/Inc -I../Drivers/STM32F4xx_HAL_Driver/Inc/Legacy -I../Drivers/CMSIS/Device/ST/STM32F4xx/Include -I../Drivers/CMSIS/Include -I"C:/Users/robel/GitHub/GestureControl/Code 2.0/GestureControl/Drivers/VL53L3CX_API_1.2.8" -I"C:/Users/robel/GitHub/GestureControl/Code 2.0/GestureControl/Drivers/VL53L3CX_API_1.2.8/platform/src" -I"C:/Users/robel/GitHub/GestureControl/Code 2.0/GestureControl/Drivers/VL53L3CX_API_1.2.8/platform/inc" -I"C:/Users/robel/GitHub/GestureControl/Code 2.0/GestureControl/Drivers/VL53L3CX_API_1.2.8/core/inc" -I"C:/Users/robel/GitHub/GestureControl/Code 2.0/GestureControl/Drivers/VL53L3CX_API_1.2.8/core/src" -O0 -ffunction-sections -fdata-sections -Wall -fstack-usage -MMD -MP -MF"Drivers/STM32F4xx_HAL_Driver/Src/stm32f4xx_hal_flash_ramfunc.d" -MT"Drivers/STM32F4xx_HAL_Driver/Src/stm32f4xx_hal_flash_ramfunc.o" --specs=nano.specs -mfpu=fpv4-sp-d16 -mfloat-abi=hard -mthumb -o "Drivers/STM32F4xx_HAL_Driver/Src/stm32f4xx_hal_flash_ramfunc.o"
arm-none-eabi-gcc "../Drivers/STM32F4xx_HAL_Driver/Src/stm32f4xx_hal_gpio.c" -mcpu=cortex-m4 -std=gnu11 -g3 -DDEBUG -DUSE_HAL_DRIVER -DSTM32F401xE -c -I../Core/Inc -I../Drivers/STM32F4xx_HAL_Driver/Inc -I../Drivers/STM32F4xx_HAL_Driver/Inc/Legacy -I../Drivers/CMSIS/Device/ST/STM32F4xx/Include -I../Drivers/CMSIS/Include -I"C:/Users/robel/GitHub/GestureControl/Code 2.0/GestureControl/Drivers/VL53L3CX_API_1.2.8" -I"C:/Users/robel/GitHub/GestureControl/Code 2.0/GestureControl/Drivers/VL53L3CX_API_1.2.8/platform/src" -I"C:/Users/robel/GitHub/GestureControl/Code 2.0/GestureControl/Drivers/VL53L3CX_API_1.2.8/platform/inc" -I"C:/Users/robel/GitHub/GestureControl/Code 2.0/GestureControl/Drivers/VL53L3CX_API_1.2.8/core/inc" -I"C:/Users/robel/GitHub/GestureControl/Code 2.0/GestureControl/Drivers/VL53L3CX_API_1.2.8/core/src" -O0 -ffunction-sections -fdata-sections -Wall -fstack-usage -MMD -MP -MF"Drivers/STM32F4xx_HAL_Driver/Src/stm32f4xx_hal_gpio.d" -MT"Drivers/STM32F4xx_HAL_Driver/Src/stm32f4xx_hal_gpio.o" --specs=nano.specs -mfpu=fpv4-sp-d16 -mfloat-abi=hard -mthumb -o "Drivers/STM32F4xx_HAL_Driver/Src/stm32f4xx_hal_gpio.o"
arm-none-eabi-gcc "../Drivers/STM32F4xx_HAL_Driver/Src/stm32f4xx_hal_i2c.c" -mcpu=cortex-m4 -std=gnu11 -g3 -DDEBUG -DUSE_HAL_DRIVER -DSTM32F401xE -c -I../Core/Inc -I../Drivers/STM32F4xx_HAL_Driver/Inc -I../Drivers/STM32F4xx_HAL_Driver/Inc/Legacy -I../Drivers/CMSIS/Device/ST/STM32F4xx/Include -I../Drivers/CMSIS/Include -I"C:/Users/robel/GitHub/GestureControl/Code 2.0/GestureControl/Drivers/VL53L3CX_API_1.2.8" -I"C:/Users/robel/GitHub/GestureControl/Code 2.0/GestureControl/Drivers/VL53L3CX_API_1.2.8/platform/src" -I"C:/Users/robel/GitHub/GestureControl/Code 2.0/GestureControl/Drivers/VL53L3CX_API_1.2.8/platform/inc" -I"C:/Users/robel/GitHub/GestureControl/Code 2.0/GestureControl/Drivers/VL53L3CX_API_1.2.8/core/inc" -I"C:/Users/robel/GitHub/GestureControl/Code 2.0/GestureControl/Drivers/VL53L3CX_API_1.2.8/core/src" -O0 -ffunction-sections -fdata-sections -Wall -fstack-usage -MMD -MP -MF"Drivers/STM32F4xx_HAL_Driver/Src/stm32f4xx_hal_i2c.d" -MT"Drivers/STM32F4xx_HAL_Driver/Src/stm32f4xx_hal_i2c.o" --specs=nano.specs -mfpu=fpv4-sp-d16 -mfloat-abi=hard -mthumb -o "Drivers/STM32F4xx_HAL_Driver/Src/stm32f4xx_hal_i2c.o"
arm-none-eabi-gcc "../Drivers/STM32F4xx_HAL_Driver/Src/stm32f4xx_hal_i2c_ex.c" -mcpu=cortex-m4 -std=gnu11 -g3 -DDEBUG -DUSE_HAL_DRIVER -DSTM32F401xE -c -I../Core/Inc -I../Drivers/STM32F4xx_HAL_Driver/Inc -I../Drivers/STM32F4xx_HAL_Driver/Inc/Legacy -I../Drivers/CMSIS/Device/ST/STM32F4xx/Include -I../Drivers/CMSIS/Include -I"C:/Users/robel/GitHub/GestureControl/Code 2.0/GestureControl/Drivers/VL53L3CX_API_1.2.8" -I"C:/Users/robel/GitHub/GestureControl/Code 2.0/GestureControl/Drivers/VL53L3CX_API_1.2.8/platform/src" -I"C:/Users/robel/GitHub/GestureControl/Code 2.0/GestureControl/Drivers/VL53L3CX_API_1.2.8/platform/inc" -I"C:/Users/robel/GitHub/GestureControl/Code 2.0/GestureControl/Drivers/VL53L3CX_API_1.2.8/core/inc" -I"C:/Users/robel/GitHub/GestureControl/Code 2.0/GestureControl/Drivers/VL53L3CX_API_1.2.8/core/src" -O0 -ffunction-sections -fdata-sections -Wall -fstack-usage -MMD -MP -MF"Drivers/STM32F4xx_HAL_Driver/Src/stm32f4xx_hal_i2c_ex.d" -MT"Drivers/STM32F4xx_HAL_Driver/Src/stm32f4xx_hal_i2c_ex.o" --specs=nano.specs -mfpu=fpv4-sp-d16 -mfloat-abi=hard -mthumb -o "Drivers/STM32F4xx_HAL_Driver/Src/stm32f4xx_hal_i2c_ex.o"
arm-none-eabi-gcc "../Drivers/STM32F4xx_HAL_Driver/Src/stm32f4xx_hal_pwr.c" -mcpu=cortex-m4 -std=gnu11 -g3 -DDEBUG -DUSE_HAL_DRIVER -DSTM32F401xE -c -I../Core/Inc -I../Drivers/STM32F4xx_HAL_Driver/Inc -I../Drivers/STM32F4xx_HAL_Driver/Inc/Legacy -I../Drivers/CMSIS/Device/ST/STM32F4xx/Include -I../Drivers/CMSIS/Include -I"C:/Users/robel/GitHub/GestureControl/Code 2.0/GestureControl/Drivers/VL53L3CX_API_1.2.8" -I"C:/Users/robel/GitHub/GestureControl/Code 2.0/GestureControl/Drivers/VL53L3CX_API_1.2.8/platform/src" -I"C:/Users/robel/GitHub/GestureControl/Code 2.0/GestureControl/Drivers/VL53L3CX_API_1.2.8/platform/inc" -I"C:/Users/robel/GitHub/GestureControl/Code 2.0/GestureControl/Drivers/VL53L3CX_API_1.2.8/core/inc" -I"C:/Users/robel/GitHub/GestureControl/Code 2.0/GestureControl/Drivers/VL53L3CX_API_1.2.8/core/src" -O0 -ffunction-sections -fdata-sections -Wall -fstack-usage -MMD -MP -MF"Drivers/STM32F4xx_HAL_Driver/Src/stm32f4xx_hal_pwr.d" -MT"Drivers/STM32F4xx_HAL_Driver/Src/stm32f4xx_hal_pwr.o" --specs=nano.specs -mfpu=fpv4-sp-d16 -mfloat-abi=hard -mthumb -o "Drivers/STM32F4xx_HAL_Driver/Src/stm32f4xx_hal_pwr.o"
arm-none-eabi-gcc "../Drivers/STM32F4xx_HAL_Driver/Src/stm32f4xx_hal_pwr_ex.c" -mcpu=cortex-m4 -std=gnu11 -g3 -DDEBUG -DUSE_HAL_DRIVER -DSTM32F401xE -c -I../Core/Inc -I../Drivers/STM32F4xx_HAL_Driver/Inc -I../Drivers/STM32F4xx_HAL_Driver/Inc/Legacy -I../Drivers/CMSIS/Device/ST/STM32F4xx/Include -I../Drivers/CMSIS/Include -I"C:/Users/robel/GitHub/GestureControl/Code 2.0/GestureControl/Drivers/VL53L3CX_API_1.2.8" -I"C:/Users/robel/GitHub/GestureControl/Code 2.0/GestureControl/Drivers/VL53L3CX_API_1.2.8/platform/src" -I"C:/Users/robel/GitHub/GestureControl/Code 2.0/GestureControl/Drivers/VL53L3CX_API_1.2.8/platform/inc" -I"C:/Users/robel/GitHub/GestureControl/Code 2.0/GestureControl/Drivers/VL53L3CX_API_1.2.8/core/inc" -I"C:/Users/robel/GitHub/GestureControl/Code 2.0/GestureControl/Drivers/VL53L3CX_API_1.2.8/core/src" -O0 -ffunction-sections -fdata-sections -Wall -fstack-usage -MMD -MP -MF"Drivers/STM32F4xx_HAL_Driver/Src/stm32f4xx_hal_pwr_ex.d" -MT"Drivers/STM32F4xx_HAL_Driver/Src/stm32f4xx_hal_pwr_ex.o" --specs=nano.specs -mfpu=fpv4-sp-d16 -mfloat-abi=hard -mthumb -o "Drivers/STM32F4xx_HAL_Driver/Src/stm32f4xx_hal_pwr_ex.o"
arm-none-eabi-gcc "../Drivers/STM32F4xx_HAL_Driver/Src/stm32f4xx_hal_rcc.c" -mcpu=cortex-m4 -std=gnu11 -g3 -DDEBUG -DUSE_HAL_DRIVER -DSTM32F401xE -c -I../Core/Inc -I../Drivers/STM32F4xx_HAL_Driver/Inc -I../Drivers/STM32F4xx_HAL_Driver/Inc/Legacy -I../Drivers/CMSIS/Device/ST/STM32F4xx/Include -I../Drivers/CMSIS/Include -I"C:/Users/robel/GitHub/GestureControl/Code 2.0/GestureControl/Drivers/VL53L3CX_API_1.2.8" -I"C:/Users/robel/GitHub/GestureControl/Code 2.0/GestureControl/Drivers/VL53L3CX_API_1.2.8/platform/src" -I"C:/Users/robel/GitHub/GestureControl/Code 2.0/GestureControl/Drivers/VL53L3CX_API_1.2.8/platform/inc" -I"C:/Users/robel/GitHub/GestureControl/Code 2.0/GestureControl/Drivers/VL53L3CX_API_1.2.8/core/inc" -I"C:/Users/robel/GitHub/GestureControl/Code 2.0/GestureControl/Drivers/VL53L3CX_API_1.2.8/core/src" -O0 -ffunction-sections -fdata-sections -Wall -fstack-usage -MMD -MP -MF"Drivers/STM32F4xx_HAL_Driver/Src/stm32f4xx_hal_rcc.d" -MT"Drivers/STM32F4xx_HAL_Driver/Src/stm32f4xx_hal_rcc.o" --specs=nano.specs -mfpu=fpv4-sp-d16 -mfloat-abi=hard -mthumb -o "Drivers/STM32F4xx_HAL_Driver/Src/stm32f4xx_hal_rcc.o"
arm-none-eabi-gcc "../Drivers/STM32F4xx_HAL_Driver/Src/stm32f4xx_hal_rcc_ex.c" -mcpu=cortex-m4 -std=gnu11 -g3 -DDEBUG -DUSE_HAL_DRIVER -DSTM32F401xE -c -I../Core/Inc -I../Drivers/STM32F4xx_HAL_Driver/Inc -I../Drivers/STM32F4xx_HAL_Driver/Inc/Legacy -I../Drivers/CMSIS/Device/ST/STM32F4xx/Include -I../Drivers/CMSIS/Include -I"C:/Users/robel/GitHub/GestureControl/Code 2.0/GestureControl/Drivers/VL53L3CX_API_1.2.8" -I"C:/Users/robel/GitHub/GestureControl/Code 2.0/GestureControl/Drivers/VL53L3CX_API_1.2.8/platform/src" -I"C:/Users/robel/GitHub/GestureControl/Code 2.0/GestureControl/Drivers/VL53L3CX_API_1.2.8/platform/inc" -I"C:/Users/robel/GitHub/GestureControl/Code 2.0/GestureControl/Drivers/VL53L3CX_API_1.2.8/core/inc" -I"C:/Users/robel/GitHub/GestureControl/Code 2.0/GestureControl/Drivers/VL53L3CX_API_1.2.8/core/src" -O0 -ffunction-sections -fdata-sections -Wall -fstack-usage -MMD -MP -MF"Drivers/STM32F4xx_HAL_Driver/Src/stm32f4xx_hal_rcc_ex.d" -MT"Drivers/STM32F4xx_HAL_Driver/Src/stm32f4xx_hal_rcc_ex.o" --specs=nano.specs -mfpu=fpv4-sp-d16 -mfloat-abi=hard -mthumb -o "Drivers/STM32F4xx_HAL_Driver/Src/stm32f4xx_hal_rcc_ex.o"
arm-none-eabi-gcc "../Drivers/STM32F4xx_HAL_Driver/Src/stm32f4xx_hal_tim.c" -mcpu=cortex-m4 -std=gnu11 -g3 -DDEBUG -DUSE_HAL_DRIVER -DSTM32F401xE -c -I../Core/Inc -I../Drivers/STM32F4xx_HAL_Driver/Inc -I../Drivers/STM32F4xx_HAL_Driver/Inc/Legacy -I../Drivers/CMSIS/Device/ST/STM32F4xx/Include -I../Drivers/CMSIS/Include -I"C:/Users/robel/GitHub/GestureControl/Code 2.0/GestureControl/Drivers/VL53L3CX_API_1.2.8" -I"C:/Users/robel/GitHub/GestureControl/Code 2.0/GestureControl/Drivers/VL53L3CX_API_1.2.8/platform/src" -I"C:/Users/robel/GitHub/GestureControl/Code 2.0/GestureControl/Drivers/VL53L3CX_API_1.2.8/platform/inc" -I"C:/Users/robel/GitHub/GestureControl/Code 2.0/GestureControl/Drivers/VL53L3CX_API_1.2.8/core/inc" -I"C:/Users/robel/GitHub/GestureControl/Code 2.0/GestureControl/Drivers/VL53L3CX_API_1.2.8/core/src" -O0 -ffunction-sections -fdata-sections -Wall -fstack-usage -MMD -MP -MF"Drivers/STM32F4xx_HAL_Driver/Src/stm32f4xx_hal_tim.d" -MT"Drivers/STM32F4xx_HAL_Driver/Src/stm32f4xx_hal_tim.o" --specs=nano.specs -mfpu=fpv4-sp-d16 -mfloat-abi=hard -mthumb -o "Drivers/STM32F4xx_HAL_Driver/Src/stm32f4xx_hal_tim.o"
arm-none-eabi-gcc "../Drivers/STM32F4xx_HAL_Driver/Src/stm32f4xx_hal_tim_ex.c" -mcpu=cortex-m4 -std=gnu11 -g3 -DDEBUG -DUSE_HAL_DRIVER -DSTM32F401xE -c -I../Core/Inc -I../Drivers/STM32F4xx_HAL_Driver/Inc -I../Drivers/STM32F4xx_HAL_Driver/Inc/Legacy -I../Drivers/CMSIS/Device/ST/STM32F4xx/Include -I../Drivers/CMSIS/Include -I"C:/Users/robel/GitHub/GestureControl/Code 2.0/GestureControl/Drivers/VL53L3CX_API_1.2.8" -I"C:/Users/robel/GitHub/GestureControl/Code 2.0/GestureControl/Drivers/VL53L3CX_API_1.2.8/platform/src" -I"C:/Users/robel/GitHub/GestureControl/Code 2.0/GestureControl/Drivers/VL53L3CX_API_1.2.8/platform/inc" -I"C:/Users/robel/GitHub/GestureControl/Code 2.0/GestureControl/Drivers/VL53L3CX_API_1.2.8/core/inc" -I"C:/Users/robel/GitHub/GestureControl/Code 2.0/GestureControl/Drivers/VL53L3CX_API_1.2.8/core/src" -O0 -ffunction-sections -fdata-sections -Wall -fstack-usage -MMD -MP -MF"Drivers/STM32F4xx_HAL_Driver/Src/stm32f4xx_hal_tim_ex.d" -MT"Drivers/STM32F4xx_HAL_Driver/Src/stm32f4xx_hal_tim_ex.o" --specs=nano.specs -mfpu=fpv4-sp-d16 -mfloat-abi=hard -mthumb -o "Drivers/STM32F4xx_HAL_Driver/Src/stm32f4xx_hal_tim_ex.o"
arm-none-eabi-gcc "../Drivers/STM32F4xx_HAL_Driver/Src/stm32f4xx_hal_uart.c" -mcpu=cortex-m4 -std=gnu11 -g3 -DDEBUG -DUSE_HAL_DRIVER -DSTM32F401xE -c -I../Core/Inc -I../Drivers/STM32F4xx_HAL_Driver/Inc -I../Drivers/STM32F4xx_HAL_Driver/Inc/Legacy -I../Drivers/CMSIS/Device/ST/STM32F4xx/Include -I../Drivers/CMSIS/Include -I"C:/Users/robel/GitHub/GestureControl/Code 2.0/GestureControl/Drivers/VL53L3CX_API_1.2.8" -I"C:/Users/robel/GitHub/GestureControl/Code 2.0/GestureControl/Drivers/VL53L3CX_API_1.2.8/platform/src" -I"C:/Users/robel/GitHub/GestureControl/Code 2.0/GestureControl/Drivers/VL53L3CX_API_1.2.8/platform/inc" -I"C:/Users/robel/GitHub/GestureControl/Code 2.0/GestureControl/Drivers/VL53L3CX_API_1.2.8/core/inc" -I"C:/Users/robel/GitHub/GestureControl/Code 2.0/GestureControl/Drivers/VL53L3CX_API_1.2.8/core/src" -O0 -ffunction-sections -fdata-sections -Wall -fstack-usage -MMD -MP -MF"Drivers/STM32F4xx_HAL_Driver/Src/stm32f4xx_hal_uart.d" -MT"Drivers/STM32F4xx_HAL_Driver/Src/stm32f4xx_hal_uart.o" --specs=nano.specs -mfpu=fpv4-sp-d16 -mfloat-abi=hard -mthumb -o "Drivers/STM32F4xx_HAL_Driver/Src/stm32f4xx_hal_uart.o"
arm-none-eabi-gcc -mcpu=cortex-m4 -g3 -DDEBUG -c -I"C:/Users/robel/GitHub/GestureControl/Code 2.0/GestureControl/Drivers/VL53L3CX_API_1.2.8" -I"C:/Users/robel/GitHub/GestureControl/Code 2.0/GestureControl/Drivers/VL53L3CX_API_1.2.8/platform/src" -I"C:/Users/robel/GitHub/GestureControl/Code 2.0/GestureControl/Drivers/VL53L3CX_API_1.2.8/platform/inc" -I"C:/Users/robel/GitHub/GestureControl/Code 2.0/GestureControl/Drivers/VL53L3CX_API_1.2.8/core/inc" -I"C:/Users/robel/GitHub/GestureControl/Code 2.0/GestureControl/Drivers/VL53L3CX_API_1.2.8/core/src" -x assembler-with-cpp -MMD -MP -MF"Core/Startup/startup_stm32f401retx.d" -MT"Core/Startup/startup_stm32f401retx.o" --specs=nano.specs -mfpu=fpv4-sp-d16 -mfloat-abi=hard -mthumb -o "Core/Startup/startup_stm32f401retx.o" "../Core/Startup/startup_stm32f401retx.s"
arm-none-eabi-gcc "../Core/Src/main.c" -mcpu=cortex-m4 -std=gnu11 -g3 -DDEBUG -DUSE_HAL_DRIVER -DSTM32F401xE -c -I../Core/Inc -I../Drivers/STM32F4xx_HAL_Driver/Inc -I../Drivers/STM32F4xx_HAL_Driver/Inc/Legacy -I../Drivers/CMSIS/Device/ST/STM32F4xx/Include -I../Drivers/CMSIS/Include -I"C:/Users/robel/GitHub/GestureControl/Code 2.0/GestureControl/Drivers/VL53L3CX_API_1.2.8" -I"C:/Users/robel/GitHub/GestureControl/Code 2.0/GestureControl/Drivers/VL53L3CX_API_1.2.8/platform/src" -I"C:/Users/robel/GitHub/GestureControl/Code 2.0/GestureControl/Drivers/VL53L3CX_API_1.2.8/platform/inc" -I"C:/Users/robel/GitHub/GestureControl/Code 2.0/GestureControl/Drivers/VL53L3CX_API_1.2.8/core/inc" -I"C:/Users/robel/GitHub/GestureControl/Code 2.0/GestureControl/Drivers/VL53L3CX_API_1.2.8/core/src" -O0 -ffunction-sections -fdata-sections -Wall -fstack-usage -MMD -MP -MF"Core/Src/main.d" -MT"Core/Src/main.o" --specs=nano.specs -mfpu=fpv4-sp-d16 -mfloat-abi=hard -mthumb -o "Core/Src/main.o"
arm-none-eabi-gcc "../Core/Src/stm32f4xx_hal_msp.c" -mcpu=cortex-m4 -std=gnu11 -g3 -DDEBUG -DUSE_HAL_DRIVER -DSTM32F401xE -c -I../Core/Inc -I../Drivers/STM32F4xx_HAL_Driver/Inc -I../Drivers/STM32F4xx_HAL_Driver/Inc/Legacy -I../Drivers/CMSIS/Device/ST/STM32F4xx/Include -I../Drivers/CMSIS/Include -I"C:/Users/robel/GitHub/GestureControl/Code 2.0/GestureControl/Drivers/VL53L3CX_API_1.2.8" -I"C:/Users/robel/GitHub/GestureControl/Code 2.0/GestureControl/Drivers/VL53L3CX_API_1.2.8/platform/src" -I"C:/Users/robel/GitHub/GestureControl/Code 2.0/GestureControl/Drivers/VL53L3CX_API_1.2.8/platform/inc" -I"C:/Users/robel/GitHub/GestureControl/Code 2.0/GestureControl/Drivers/VL53L3CX_API_1.2.8/core/inc" -I"C:/Users/robel/GitHub/GestureControl/Code 2.0/GestureControl/Drivers/VL53L3CX_API_1.2.8/core/src" -O0 -ffunction-sections -fdata-sections -Wall -fstack-usage -MMD -MP -MF"Core/Src/stm32f4xx_hal_msp.d" -MT"Core/Src/stm32f4xx_hal_msp.o" --specs=nano.specs -mfpu=fpv4-sp-d16 -mfloat-abi=hard -mthumb -o "Core/Src/stm32f4xx_hal_msp.o"
arm-none-eabi-gcc "../Core/Src/stm32f4xx_it.c" -mcpu=cortex-m4 -std=gnu11 -g3 -DDEBUG -DUSE_HAL_DRIVER -DSTM32F401xE -c -I../Core/Inc -I../Drivers/STM32F4xx_HAL_Driver/Inc -I../Drivers/STM32F4xx_HAL_Driver/Inc/Legacy -I../Drivers/CMSIS/Device/ST/STM32F4xx/Include -I../Drivers/CMSIS/Include -I"C:/Users/robel/GitHub/GestureControl/Code 2.0/GestureControl/Drivers/VL53L3CX_API_1.2.8" -I"C:/Users/robel/GitHub/GestureControl/Code 2.0/GestureControl/Drivers/VL53L3CX_API_1.2.8/platform/src" -I"C:/Users/robel/GitHub/GestureControl/Code 2.0/GestureControl/Drivers/VL53L3CX_API_1.2.8/platform/inc" -I"C:/Users/robel/GitHub/GestureControl/Code 2.0/GestureControl/Drivers/VL53L3CX_API_1.2.8/core/inc" -I"C:/Users/robel/GitHub/GestureControl/Code 2.0/GestureControl/Drivers/VL53L3CX_API_1.2.8/core/src" -O0 -ffunction-sections -fdata-sections -Wall -fstack-usage -MMD -MP -MF"Core/Src/stm32f4xx_it.d" -MT"Core/Src/stm32f4xx_it.o" --specs=nano.specs -mfpu=fpv4-sp-d16 -mfloat-abi=hard -mthumb -o "Core/Src/stm32f4xx_it.o"
arm-none-eabi-gcc "../Core/Src/syscalls.c" -mcpu=cortex-m4 -std=gnu11 -g3 -DDEBUG -DUSE_HAL_DRIVER -DSTM32F401xE -c -I../Core/Inc -I../Drivers/STM32F4xx_HAL_Driver/Inc -I../Drivers/STM32F4xx_HAL_Driver/Inc/Legacy -I../Drivers/CMSIS/Device/ST/STM32F4xx/Include -I../Drivers/CMSIS/Include -I"C:/Users/robel/GitHub/GestureControl/Code 2.0/GestureControl/Drivers/VL53L3CX_API_1.2.8" -I"C:/Users/robel/GitHub/GestureControl/Code 2.0/GestureControl/Drivers/VL53L3CX_API_1.2.8/platform/src" -I"C:/Users/robel/GitHub/GestureControl/Code 2.0/GestureControl/Drivers/VL53L3CX_API_1.2.8/platform/inc" -I"C:/Users/robel/GitHub/GestureControl/Code 2.0/GestureControl/Drivers/VL53L3CX_API_1.2.8/core/inc" -I"C:/Users/robel/GitHub/GestureControl/Code 2.0/GestureControl/Drivers/VL53L3CX_API_1.2.8/core/src" -O0 -ffunction-sections -fdata-sections -Wall -fstack-usage -MMD -MP -MF"Core/Src/syscalls.d" -MT"Core/Src/syscalls.o" --specs=nano.specs -mfpu=fpv4-sp-d16 -mfloat-abi=hard -mthumb -o "Core/Src/syscalls.o"
arm-none-eabi-gcc "../Core/Src/sysmem.c" -mcpu=cortex-m4 -std=gnu11 -g3 -DDEBUG -DUSE_HAL_DRIVER -DSTM32F401xE -c -I../Core/Inc -I../Drivers/STM32F4xx_HAL_Driver/Inc -I../Drivers/STM32F4xx_HAL_Driver/Inc/Legacy -I../Drivers/CMSIS/Device/ST/STM32F4xx/Include -I../Drivers/CMSIS/Include -I"C:/Users/robel/GitHub/GestureControl/Code 2.0/GestureControl/Drivers/VL53L3CX_API_1.2.8" -I"C:/Users/robel/GitHub/GestureControl/Code 2.0/GestureControl/Drivers/VL53L3CX_API_1.2.8/platform/src" -I"C:/Users/robel/GitHub/GestureControl/Code 2.0/GestureControl/Drivers/VL53L3CX_API_1.2.8/platform/inc" -I"C:/Users/robel/GitHub/GestureControl/Code 2.0/GestureControl/Drivers/VL53L3CX_API_1.2.8/core/inc" -I"C:/Users/robel/GitHub/GestureControl/Code 2.0/GestureControl/Drivers/VL53L3CX_API_1.2.8/core/src" -O0 -ffunction-sections -fdata-sections -Wall -fstack-usage -MMD -MP -MF"Core/Src/sysmem.d" -MT"Core/Src/sysmem.o" --specs=nano.specs -mfpu=fpv4-sp-d16 -mfloat-abi=hard -mthumb -o "Core/Src/sysmem.o"
arm-none-eabi-gcc "../Core/Src/system_stm32f4xx.c" -mcpu=cortex-m4 -std=gnu11 -g3 -DDEBUG -DUSE_HAL_DRIVER -DSTM32F401xE -c -I../Core/Inc -I../Drivers/STM32F4xx_HAL_Driver/Inc -I../Drivers/STM32F4xx_HAL_Driver/Inc/Legacy -I../Drivers/CMSIS/Device/ST/STM32F4xx/Include -I../Drivers/CMSIS/Include -I"C:/Users/robel/GitHub/GestureControl/Code 2.0/GestureControl/Drivers/VL53L3CX_API_1.2.8" -I"C:/Users/robel/GitHub/GestureControl/Code 2.0/GestureControl/Drivers/VL53L3CX_API_1.2.8/platform/src" -I"C:/Users/robel/GitHub/GestureControl/Code 2.0/GestureControl/Drivers/VL53L3CX_API_1.2.8/platform/inc" -I"C:/Users/robel/GitHub/GestureControl/Code 2.0/GestureControl/Drivers/VL53L3CX_API_1.2.8/core/inc" -I"C:/Users/robel/GitHub/GestureControl/Code 2.0/GestureControl/Drivers/VL53L3CX_API_1.2.8/core/src" -O0 -ffunction-sections -fdata-sections -Wall -fstack-usage -MMD -MP -MF"Core/Src/system_stm32f4xx.d" -MT"Core/Src/system_stm32f4xx.o" --specs=nano.specs -mfpu=fpv4-sp-d16 -mfloat-abi=hard -mthumb -o "Core/Src/system_stm32f4xx.o"
arm-none-eabi-gcc -o "GestureControl.elf" @"objects.list"   -mcpu=cortex-m4 -T"C:\Users\robel\GitHub\GestureControl\Code 2.0\GestureControl\STM32F401RETX_FLASH.ld" --specs=nosys.specs -Wl,-Map="GestureControl.map" -Wl,--gc-sections -static --specs=nano.specs -mfpu=fpv4-sp-d16 -mfloat-abi=hard -mthumb -Wl,--start-group -lc -lm -Wl,--end-group
Finished building target: GestureControl.elf
 
arm-none-eabi-size   GestureControl.elf 
arm-none-eabi-objdump -h -S  GestureControl.elf  > "GestureControl.list"
arm-none-eabi-objcopy  -O binary  GestureControl.elf  "GestureControl.bin"
   text	   data	    bss	    dec	    hex	filename
   8108	     20	   1724	   9852	   267c	GestureControl.elf
Finished building: default.size.stdout
 
Finished building: GestureControl.bin
 
Finished building: GestureControl.list
 
