19:21:41 **** Incremental Build of configuration Debug for project Gesture Control F302RCV0 ****
make -j12 all 
arm-none-eabi-gcc "../Drivers/STM32F3xx_HAL_Driver/Src/stm32f3xx_hal.c" -mcpu=cortex-m4 -std=gnu11 -g3 -DDEBUG -DUSE_HAL_DRIVER -DSTM32F302xC -c -I"/home/robbe/Desktop/Github/GestureControl/Code 2.0/GestureControl/Gesture Control F302RCV0/Drivers/BSP/Components" -I"/home/robbe/Desktop/Github/GestureControl/Code 2.0/GestureControl/Gesture Control F302RCV0/Drivers/BSP/Components/vl53l3cx/modules" -I"/home/robbe/Desktop/Github/GestureControl/Code 2.0/GestureControl/Gesture Control F302RCV0/Drivers/BSP/Components/vl53l3cx" -I../Core/Inc -I../Drivers/STM32F3xx_HAL_Driver/Inc -I../Drivers/STM32F3xx_HAL_Driver/Inc/Legacy -I../Drivers/CMSIS/Device/ST/STM32F3xx/Include -I../Drivers/CMSIS/Include -I../X-CUBE-TOF1/Target -O0 -ffunction-sections -fdata-sections -Wall -fstack-usage -MMD -MP -MF"Drivers/STM32F3xx_HAL_Driver/Src/stm32f3xx_hal.d" -MT"Drivers/STM32F3xx_HAL_Driver/Src/stm32f3xx_hal.o" --specs=nano.specs -mfpu=fpv4-sp-d16 -mfloat-abi=hard -mthumb -o "Drivers/STM32F3xx_HAL_Driver/Src/stm32f3xx_hal.o"
arm-none-eabi-gcc "../Drivers/STM32F3xx_HAL_Driver/Src/stm32f3xx_hal_cortex.c" -mcpu=cortex-m4 -std=gnu11 -g3 -DDEBUG -DUSE_HAL_DRIVER -DSTM32F302xC -c -I"/home/robbe/Desktop/Github/GestureControl/Code 2.0/GestureControl/Gesture Control F302RCV0/Drivers/BSP/Components" -I"/home/robbe/Desktop/Github/GestureControl/Code 2.0/GestureControl/Gesture Control F302RCV0/Drivers/BSP/Components/vl53l3cx/modules" -I"/home/robbe/Desktop/Github/GestureControl/Code 2.0/GestureControl/Gesture Control F302RCV0/Drivers/BSP/Components/vl53l3cx" -I../Core/Inc -I../Drivers/STM32F3xx_HAL_Driver/Inc -I../Drivers/STM32F3xx_HAL_Driver/Inc/Legacy -I../Drivers/CMSIS/Device/ST/STM32F3xx/Include -I../Drivers/CMSIS/Include -I../X-CUBE-TOF1/Target -O0 -ffunction-sections -fdata-sections -Wall -fstack-usage -MMD -MP -MF"Drivers/STM32F3xx_HAL_Driver/Src/stm32f3xx_hal_cortex.d" -MT"Drivers/STM32F3xx_HAL_Driver/Src/stm32f3xx_hal_cortex.o" --specs=nano.specs -mfpu=fpv4-sp-d16 -mfloat-abi=hard -mthumb -o "Drivers/STM32F3xx_HAL_Driver/Src/stm32f3xx_hal_cortex.o"
arm-none-eabi-gcc "../Drivers/STM32F3xx_HAL_Driver/Src/stm32f3xx_hal_dma.c" -mcpu=cortex-m4 -std=gnu11 -g3 -DDEBUG -DUSE_HAL_DRIVER -DSTM32F302xC -c -I"/home/robbe/Desktop/Github/GestureControl/Code 2.0/GestureControl/Gesture Control F302RCV0/Drivers/BSP/Components" -I"/home/robbe/Desktop/Github/GestureControl/Code 2.0/GestureControl/Gesture Control F302RCV0/Drivers/BSP/Components/vl53l3cx/modules" -I"/home/robbe/Desktop/Github/GestureControl/Code 2.0/GestureControl/Gesture Control F302RCV0/Drivers/BSP/Components/vl53l3cx" -I../Core/Inc -I../Drivers/STM32F3xx_HAL_Driver/Inc -I../Drivers/STM32F3xx_HAL_Driver/Inc/Legacy -I../Drivers/CMSIS/Device/ST/STM32F3xx/Include -I../Drivers/CMSIS/Include -I../X-CUBE-TOF1/Target -O0 -ffunction-sections -fdata-sections -Wall -fstack-usage -MMD -MP -MF"Drivers/STM32F3xx_HAL_Driver/Src/stm32f3xx_hal_dma.d" -MT"Drivers/STM32F3xx_HAL_Driver/Src/stm32f3xx_hal_dma.o" --specs=nano.specs -mfpu=fpv4-sp-d16 -mfloat-abi=hard -mthumb -o "Drivers/STM32F3xx_HAL_Driver/Src/stm32f3xx_hal_dma.o"
arm-none-eabi-gcc "../Drivers/STM32F3xx_HAL_Driver/Src/stm32f3xx_hal_exti.c" -mcpu=cortex-m4 -std=gnu11 -g3 -DDEBUG -DUSE_HAL_DRIVER -DSTM32F302xC -c -I"/home/robbe/Desktop/Github/GestureControl/Code 2.0/GestureControl/Gesture Control F302RCV0/Drivers/BSP/Components" -I"/home/robbe/Desktop/Github/GestureControl/Code 2.0/GestureControl/Gesture Control F302RCV0/Drivers/BSP/Components/vl53l3cx/modules" -I"/home/robbe/Desktop/Github/GestureControl/Code 2.0/GestureControl/Gesture Control F302RCV0/Drivers/BSP/Components/vl53l3cx" -I../Core/Inc -I../Drivers/STM32F3xx_HAL_Driver/Inc -I../Drivers/STM32F3xx_HAL_Driver/Inc/Legacy -I../Drivers/CMSIS/Device/ST/STM32F3xx/Include -I../Drivers/CMSIS/Include -I../X-CUBE-TOF1/Target -O0 -ffunction-sections -fdata-sections -Wall -fstack-usage -MMD -MP -MF"Drivers/STM32F3xx_HAL_Driver/Src/stm32f3xx_hal_exti.d" -MT"Drivers/STM32F3xx_HAL_Driver/Src/stm32f3xx_hal_exti.o" --specs=nano.specs -mfpu=fpv4-sp-d16 -mfloat-abi=hard -mthumb -o "Drivers/STM32F3xx_HAL_Driver/Src/stm32f3xx_hal_exti.o"
arm-none-eabi-gcc "../Drivers/STM32F3xx_HAL_Driver/Src/stm32f3xx_hal_flash.c" -mcpu=cortex-m4 -std=gnu11 -g3 -DDEBUG -DUSE_HAL_DRIVER -DSTM32F302xC -c -I"/home/robbe/Desktop/Github/GestureControl/Code 2.0/GestureControl/Gesture Control F302RCV0/Drivers/BSP/Components" -I"/home/robbe/Desktop/Github/GestureControl/Code 2.0/GestureControl/Gesture Control F302RCV0/Drivers/BSP/Components/vl53l3cx/modules" -I"/home/robbe/Desktop/Github/GestureControl/Code 2.0/GestureControl/Gesture Control F302RCV0/Drivers/BSP/Components/vl53l3cx" -I../Core/Inc -I../Drivers/STM32F3xx_HAL_Driver/Inc -I../Drivers/STM32F3xx_HAL_Driver/Inc/Legacy -I../Drivers/CMSIS/Device/ST/STM32F3xx/Include -I../Drivers/CMSIS/Include -I../X-CUBE-TOF1/Target -O0 -ffunction-sections -fdata-sections -Wall -fstack-usage -MMD -MP -MF"Drivers/STM32F3xx_HAL_Driver/Src/stm32f3xx_hal_flash.d" -MT"Drivers/STM32F3xx_HAL_Driver/Src/stm32f3xx_hal_flash.o" --specs=nano.specs -mfpu=fpv4-sp-d16 -mfloat-abi=hard -mthumb -o "Drivers/STM32F3xx_HAL_Driver/Src/stm32f3xx_hal_flash.o"
arm-none-eabi-gcc "../Drivers/STM32F3xx_HAL_Driver/Src/stm32f3xx_hal_flash_ex.c" -mcpu=cortex-m4 -std=gnu11 -g3 -DDEBUG -DUSE_HAL_DRIVER -DSTM32F302xC -c -I"/home/robbe/Desktop/Github/GestureControl/Code 2.0/GestureControl/Gesture Control F302RCV0/Drivers/BSP/Components" -I"/home/robbe/Desktop/Github/GestureControl/Code 2.0/GestureControl/Gesture Control F302RCV0/Drivers/BSP/Components/vl53l3cx/modules" -I"/home/robbe/Desktop/Github/GestureControl/Code 2.0/GestureControl/Gesture Control F302RCV0/Drivers/BSP/Components/vl53l3cx" -I../Core/Inc -I../Drivers/STM32F3xx_HAL_Driver/Inc -I../Drivers/STM32F3xx_HAL_Driver/Inc/Legacy -I../Drivers/CMSIS/Device/ST/STM32F3xx/Include -I../Drivers/CMSIS/Include -I../X-CUBE-TOF1/Target -O0 -ffunction-sections -fdata-sections -Wall -fstack-usage -MMD -MP -MF"Drivers/STM32F3xx_HAL_Driver/Src/stm32f3xx_hal_flash_ex.d" -MT"Drivers/STM32F3xx_HAL_Driver/Src/stm32f3xx_hal_flash_ex.o" --specs=nano.specs -mfpu=fpv4-sp-d16 -mfloat-abi=hard -mthumb -o "Drivers/STM32F3xx_HAL_Driver/Src/stm32f3xx_hal_flash_ex.o"
arm-none-eabi-gcc "../Drivers/STM32F3xx_HAL_Driver/Src/stm32f3xx_hal_gpio.c" -mcpu=cortex-m4 -std=gnu11 -g3 -DDEBUG -DUSE_HAL_DRIVER -DSTM32F302xC -c -I"/home/robbe/Desktop/Github/GestureControl/Code 2.0/GestureControl/Gesture Control F302RCV0/Drivers/BSP/Components" -I"/home/robbe/Desktop/Github/GestureControl/Code 2.0/GestureControl/Gesture Control F302RCV0/Drivers/BSP/Components/vl53l3cx/modules" -I"/home/robbe/Desktop/Github/GestureControl/Code 2.0/GestureControl/Gesture Control F302RCV0/Drivers/BSP/Components/vl53l3cx" -I../Core/Inc -I../Drivers/STM32F3xx_HAL_Driver/Inc -I../Drivers/STM32F3xx_HAL_Driver/Inc/Legacy -I../Drivers/CMSIS/Device/ST/STM32F3xx/Include -I../Drivers/CMSIS/Include -I../X-CUBE-TOF1/Target -O0 -ffunction-sections -fdata-sections -Wall -fstack-usage -MMD -MP -MF"Drivers/STM32F3xx_HAL_Driver/Src/stm32f3xx_hal_gpio.d" -MT"Drivers/STM32F3xx_HAL_Driver/Src/stm32f3xx_hal_gpio.o" --specs=nano.specs -mfpu=fpv4-sp-d16 -mfloat-abi=hard -mthumb -o "Drivers/STM32F3xx_HAL_Driver/Src/stm32f3xx_hal_gpio.o"
arm-none-eabi-gcc "../Drivers/STM32F3xx_HAL_Driver/Src/stm32f3xx_hal_i2c.c" -mcpu=cortex-m4 -std=gnu11 -g3 -DDEBUG -DUSE_HAL_DRIVER -DSTM32F302xC -c -I"/home/robbe/Desktop/Github/GestureControl/Code 2.0/GestureControl/Gesture Control F302RCV0/Drivers/BSP/Components" -I"/home/robbe/Desktop/Github/GestureControl/Code 2.0/GestureControl/Gesture Control F302RCV0/Drivers/BSP/Components/vl53l3cx/modules" -I"/home/robbe/Desktop/Github/GestureControl/Code 2.0/GestureControl/Gesture Control F302RCV0/Drivers/BSP/Components/vl53l3cx" -I../Core/Inc -I../Drivers/STM32F3xx_HAL_Driver/Inc -I../Drivers/STM32F3xx_HAL_Driver/Inc/Legacy -I../Drivers/CMSIS/Device/ST/STM32F3xx/Include -I../Drivers/CMSIS/Include -I../X-CUBE-TOF1/Target -O0 -ffunction-sections -fdata-sections -Wall -fstack-usage -MMD -MP -MF"Drivers/STM32F3xx_HAL_Driver/Src/stm32f3xx_hal_i2c.d" -MT"Drivers/STM32F3xx_HAL_Driver/Src/stm32f3xx_hal_i2c.o" --specs=nano.specs -mfpu=fpv4-sp-d16 -mfloat-abi=hard -mthumb -o "Drivers/STM32F3xx_HAL_Driver/Src/stm32f3xx_hal_i2c.o"
arm-none-eabi-gcc "../Drivers/STM32F3xx_HAL_Driver/Src/stm32f3xx_hal_i2c_ex.c" -mcpu=cortex-m4 -std=gnu11 -g3 -DDEBUG -DUSE_HAL_DRIVER -DSTM32F302xC -c -I"/home/robbe/Desktop/Github/GestureControl/Code 2.0/GestureControl/Gesture Control F302RCV0/Drivers/BSP/Components" -I"/home/robbe/Desktop/Github/GestureControl/Code 2.0/GestureControl/Gesture Control F302RCV0/Drivers/BSP/Components/vl53l3cx/modules" -I"/home/robbe/Desktop/Github/GestureControl/Code 2.0/GestureControl/Gesture Control F302RCV0/Drivers/BSP/Components/vl53l3cx" -I../Core/Inc -I../Drivers/STM32F3xx_HAL_Driver/Inc -I../Drivers/STM32F3xx_HAL_Driver/Inc/Legacy -I../Drivers/CMSIS/Device/ST/STM32F3xx/Include -I../Drivers/CMSIS/Include -I../X-CUBE-TOF1/Target -O0 -ffunction-sections -fdata-sections -Wall -fstack-usage -MMD -MP -MF"Drivers/STM32F3xx_HAL_Driver/Src/stm32f3xx_hal_i2c_ex.d" -MT"Drivers/STM32F3xx_HAL_Driver/Src/stm32f3xx_hal_i2c_ex.o" --specs=nano.specs -mfpu=fpv4-sp-d16 -mfloat-abi=hard -mthumb -o "Drivers/STM32F3xx_HAL_Driver/Src/stm32f3xx_hal_i2c_ex.o"
arm-none-eabi-gcc "../Drivers/STM32F3xx_HAL_Driver/Src/stm32f3xx_hal_pwr.c" -mcpu=cortex-m4 -std=gnu11 -g3 -DDEBUG -DUSE_HAL_DRIVER -DSTM32F302xC -c -I"/home/robbe/Desktop/Github/GestureControl/Code 2.0/GestureControl/Gesture Control F302RCV0/Drivers/BSP/Components" -I"/home/robbe/Desktop/Github/GestureControl/Code 2.0/GestureControl/Gesture Control F302RCV0/Drivers/BSP/Components/vl53l3cx/modules" -I"/home/robbe/Desktop/Github/GestureControl/Code 2.0/GestureControl/Gesture Control F302RCV0/Drivers/BSP/Components/vl53l3cx" -I../Core/Inc -I../Drivers/STM32F3xx_HAL_Driver/Inc -I../Drivers/STM32F3xx_HAL_Driver/Inc/Legacy -I../Drivers/CMSIS/Device/ST/STM32F3xx/Include -I../Drivers/CMSIS/Include -I../X-CUBE-TOF1/Target -O0 -ffunction-sections -fdata-sections -Wall -fstack-usage -MMD -MP -MF"Drivers/STM32F3xx_HAL_Driver/Src/stm32f3xx_hal_pwr.d" -MT"Drivers/STM32F3xx_HAL_Driver/Src/stm32f3xx_hal_pwr.o" --specs=nano.specs -mfpu=fpv4-sp-d16 -mfloat-abi=hard -mthumb -o "Drivers/STM32F3xx_HAL_Driver/Src/stm32f3xx_hal_pwr.o"
arm-none-eabi-gcc "../Drivers/STM32F3xx_HAL_Driver/Src/stm32f3xx_hal_pwr_ex.c" -mcpu=cortex-m4 -std=gnu11 -g3 -DDEBUG -DUSE_HAL_DRIVER -DSTM32F302xC -c -I"/home/robbe/Desktop/Github/GestureControl/Code 2.0/GestureControl/Gesture Control F302RCV0/Drivers/BSP/Components" -I"/home/robbe/Desktop/Github/GestureControl/Code 2.0/GestureControl/Gesture Control F302RCV0/Drivers/BSP/Components/vl53l3cx/modules" -I"/home/robbe/Desktop/Github/GestureControl/Code 2.0/GestureControl/Gesture Control F302RCV0/Drivers/BSP/Components/vl53l3cx" -I../Core/Inc -I../Drivers/STM32F3xx_HAL_Driver/Inc -I../Drivers/STM32F3xx_HAL_Driver/Inc/Legacy -I../Drivers/CMSIS/Device/ST/STM32F3xx/Include -I../Drivers/CMSIS/Include -I../X-CUBE-TOF1/Target -O0 -ffunction-sections -fdata-sections -Wall -fstack-usage -MMD -MP -MF"Drivers/STM32F3xx_HAL_Driver/Src/stm32f3xx_hal_pwr_ex.d" -MT"Drivers/STM32F3xx_HAL_Driver/Src/stm32f3xx_hal_pwr_ex.o" --specs=nano.specs -mfpu=fpv4-sp-d16 -mfloat-abi=hard -mthumb -o "Drivers/STM32F3xx_HAL_Driver/Src/stm32f3xx_hal_pwr_ex.o"
arm-none-eabi-gcc "../Drivers/STM32F3xx_HAL_Driver/Src/stm32f3xx_hal_rcc.c" -mcpu=cortex-m4 -std=gnu11 -g3 -DDEBUG -DUSE_HAL_DRIVER -DSTM32F302xC -c -I"/home/robbe/Desktop/Github/GestureControl/Code 2.0/GestureControl/Gesture Control F302RCV0/Drivers/BSP/Components" -I"/home/robbe/Desktop/Github/GestureControl/Code 2.0/GestureControl/Gesture Control F302RCV0/Drivers/BSP/Components/vl53l3cx/modules" -I"/home/robbe/Desktop/Github/GestureControl/Code 2.0/GestureControl/Gesture Control F302RCV0/Drivers/BSP/Components/vl53l3cx" -I../Core/Inc -I../Drivers/STM32F3xx_HAL_Driver/Inc -I../Drivers/STM32F3xx_HAL_Driver/Inc/Legacy -I../Drivers/CMSIS/Device/ST/STM32F3xx/Include -I../Drivers/CMSIS/Include -I../X-CUBE-TOF1/Target -O0 -ffunction-sections -fdata-sections -Wall -fstack-usage -MMD -MP -MF"Drivers/STM32F3xx_HAL_Driver/Src/stm32f3xx_hal_rcc.d" -MT"Drivers/STM32F3xx_HAL_Driver/Src/stm32f3xx_hal_rcc.o" --specs=nano.specs -mfpu=fpv4-sp-d16 -mfloat-abi=hard -mthumb -o "Drivers/STM32F3xx_HAL_Driver/Src/stm32f3xx_hal_rcc.o"
arm-none-eabi-gcc "../Drivers/STM32F3xx_HAL_Driver/Src/stm32f3xx_hal_rcc_ex.c" -mcpu=cortex-m4 -std=gnu11 -g3 -DDEBUG -DUSE_HAL_DRIVER -DSTM32F302xC -c -I"/home/robbe/Desktop/Github/GestureControl/Code 2.0/GestureControl/Gesture Control F302RCV0/Drivers/BSP/Components" -I"/home/robbe/Desktop/Github/GestureControl/Code 2.0/GestureControl/Gesture Control F302RCV0/Drivers/BSP/Components/vl53l3cx/modules" -I"/home/robbe/Desktop/Github/GestureControl/Code 2.0/GestureControl/Gesture Control F302RCV0/Drivers/BSP/Components/vl53l3cx" -I../Core/Inc -I../Drivers/STM32F3xx_HAL_Driver/Inc -I../Drivers/STM32F3xx_HAL_Driver/Inc/Legacy -I../Drivers/CMSIS/Device/ST/STM32F3xx/Include -I../Drivers/CMSIS/Include -I../X-CUBE-TOF1/Target -O0 -ffunction-sections -fdata-sections -Wall -fstack-usage -MMD -MP -MF"Drivers/STM32F3xx_HAL_Driver/Src/stm32f3xx_hal_rcc_ex.d" -MT"Drivers/STM32F3xx_HAL_Driver/Src/stm32f3xx_hal_rcc_ex.o" --specs=nano.specs -mfpu=fpv4-sp-d16 -mfloat-abi=hard -mthumb -o "Drivers/STM32F3xx_HAL_Driver/Src/stm32f3xx_hal_rcc_ex.o"
arm-none-eabi-gcc "../Drivers/STM32F3xx_HAL_Driver/Src/stm32f3xx_hal_tim.c" -mcpu=cortex-m4 -std=gnu11 -g3 -DDEBUG -DUSE_HAL_DRIVER -DSTM32F302xC -c -I"/home/robbe/Desktop/Github/GestureControl/Code 2.0/GestureControl/Gesture Control F302RCV0/Drivers/BSP/Components" -I"/home/robbe/Desktop/Github/GestureControl/Code 2.0/GestureControl/Gesture Control F302RCV0/Drivers/BSP/Components/vl53l3cx/modules" -I"/home/robbe/Desktop/Github/GestureControl/Code 2.0/GestureControl/Gesture Control F302RCV0/Drivers/BSP/Components/vl53l3cx" -I../Core/Inc -I../Drivers/STM32F3xx_HAL_Driver/Inc -I../Drivers/STM32F3xx_HAL_Driver/Inc/Legacy -I../Drivers/CMSIS/Device/ST/STM32F3xx/Include -I../Drivers/CMSIS/Include -I../X-CUBE-TOF1/Target -O0 -ffunction-sections -fdata-sections -Wall -fstack-usage -MMD -MP -MF"Drivers/STM32F3xx_HAL_Driver/Src/stm32f3xx_hal_tim.d" -MT"Drivers/STM32F3xx_HAL_Driver/Src/stm32f3xx_hal_tim.o" --specs=nano.specs -mfpu=fpv4-sp-d16 -mfloat-abi=hard -mthumb -o "Drivers/STM32F3xx_HAL_Driver/Src/stm32f3xx_hal_tim.o"
arm-none-eabi-gcc "../Drivers/STM32F3xx_HAL_Driver/Src/stm32f3xx_hal_tim_ex.c" -mcpu=cortex-m4 -std=gnu11 -g3 -DDEBUG -DUSE_HAL_DRIVER -DSTM32F302xC -c -I"/home/robbe/Desktop/Github/GestureControl/Code 2.0/GestureControl/Gesture Control F302RCV0/Drivers/BSP/Components" -I"/home/robbe/Desktop/Github/GestureControl/Code 2.0/GestureControl/Gesture Control F302RCV0/Drivers/BSP/Components/vl53l3cx/modules" -I"/home/robbe/Desktop/Github/GestureControl/Code 2.0/GestureControl/Gesture Control F302RCV0/Drivers/BSP/Components/vl53l3cx" -I../Core/Inc -I../Drivers/STM32F3xx_HAL_Driver/Inc -I../Drivers/STM32F3xx_HAL_Driver/Inc/Legacy -I../Drivers/CMSIS/Device/ST/STM32F3xx/Include -I../Drivers/CMSIS/Include -I../X-CUBE-TOF1/Target -O0 -ffunction-sections -fdata-sections -Wall -fstack-usage -MMD -MP -MF"Drivers/STM32F3xx_HAL_Driver/Src/stm32f3xx_hal_tim_ex.d" -MT"Drivers/STM32F3xx_HAL_Driver/Src/stm32f3xx_hal_tim_ex.o" --specs=nano.specs -mfpu=fpv4-sp-d16 -mfloat-abi=hard -mthumb -o "Drivers/STM32F3xx_HAL_Driver/Src/stm32f3xx_hal_tim_ex.o"
arm-none-eabi-gcc "../Drivers/STM32F3xx_HAL_Driver/Src/stm32f3xx_hal_uart.c" -mcpu=cortex-m4 -std=gnu11 -g3 -DDEBUG -DUSE_HAL_DRIVER -DSTM32F302xC -c -I"/home/robbe/Desktop/Github/GestureControl/Code 2.0/GestureControl/Gesture Control F302RCV0/Drivers/BSP/Components" -I"/home/robbe/Desktop/Github/GestureControl/Code 2.0/GestureControl/Gesture Control F302RCV0/Drivers/BSP/Components/vl53l3cx/modules" -I"/home/robbe/Desktop/Github/GestureControl/Code 2.0/GestureControl/Gesture Control F302RCV0/Drivers/BSP/Components/vl53l3cx" -I../Core/Inc -I../Drivers/STM32F3xx_HAL_Driver/Inc -I../Drivers/STM32F3xx_HAL_Driver/Inc/Legacy -I../Drivers/CMSIS/Device/ST/STM32F3xx/Include -I../Drivers/CMSIS/Include -I../X-CUBE-TOF1/Target -O0 -ffunction-sections -fdata-sections -Wall -fstack-usage -MMD -MP -MF"Drivers/STM32F3xx_HAL_Driver/Src/stm32f3xx_hal_uart.d" -MT"Drivers/STM32F3xx_HAL_Driver/Src/stm32f3xx_hal_uart.o" --specs=nano.specs -mfpu=fpv4-sp-d16 -mfloat-abi=hard -mthumb -o "Drivers/STM32F3xx_HAL_Driver/Src/stm32f3xx_hal_uart.o"
arm-none-eabi-gcc "../Drivers/STM32F3xx_HAL_Driver/Src/stm32f3xx_hal_uart_ex.c" -mcpu=cortex-m4 -std=gnu11 -g3 -DDEBUG -DUSE_HAL_DRIVER -DSTM32F302xC -c -I"/home/robbe/Desktop/Github/GestureControl/Code 2.0/GestureControl/Gesture Control F302RCV0/Drivers/BSP/Components" -I"/home/robbe/Desktop/Github/GestureControl/Code 2.0/GestureControl/Gesture Control F302RCV0/Drivers/BSP/Components/vl53l3cx/modules" -I"/home/robbe/Desktop/Github/GestureControl/Code 2.0/GestureControl/Gesture Control F302RCV0/Drivers/BSP/Components/vl53l3cx" -I../Core/Inc -I../Drivers/STM32F3xx_HAL_Driver/Inc -I../Drivers/STM32F3xx_HAL_Driver/Inc/Legacy -I../Drivers/CMSIS/Device/ST/STM32F3xx/Include -I../Drivers/CMSIS/Include -I../X-CUBE-TOF1/Target -O0 -ffunction-sections -fdata-sections -Wall -fstack-usage -MMD -MP -MF"Drivers/STM32F3xx_HAL_Driver/Src/stm32f3xx_hal_uart_ex.d" -MT"Drivers/STM32F3xx_HAL_Driver/Src/stm32f3xx_hal_uart_ex.o" --specs=nano.specs -mfpu=fpv4-sp-d16 -mfloat-abi=hard -mthumb -o "Drivers/STM32F3xx_HAL_Driver/Src/stm32f3xx_hal_uart_ex.o"
arm-none-eabi-gcc "../Drivers/BSP/Components/vl53l3cx/modules/vl53lx_api.c" -mcpu=cortex-m4 -std=gnu11 -g3 -DDEBUG -DUSE_HAL_DRIVER -DSTM32F302xC -c -I"/home/robbe/Desktop/Github/GestureControl/Code 2.0/GestureControl/Gesture Control F302RCV0/Drivers/BSP/Components" -I"/home/robbe/Desktop/Github/GestureControl/Code 2.0/GestureControl/Gesture Control F302RCV0/Drivers/BSP/Components/vl53l3cx/modules" -I"/home/robbe/Desktop/Github/GestureControl/Code 2.0/GestureControl/Gesture Control F302RCV0/Drivers/BSP/Components/vl53l3cx" -I../Core/Inc -I../Drivers/STM32F3xx_HAL_Driver/Inc -I../Drivers/STM32F3xx_HAL_Driver/Inc/Legacy -I../Drivers/CMSIS/Device/ST/STM32F3xx/Include -I../Drivers/CMSIS/Include -I../X-CUBE-TOF1/Target -O0 -ffunction-sections -fdata-sections -Wall -fstack-usage -MMD -MP -MF"Drivers/BSP/Components/vl53l3cx/modules/vl53lx_api.d" -MT"Drivers/BSP/Components/vl53l3cx/modules/vl53lx_api.o" --specs=nano.specs -mfpu=fpv4-sp-d16 -mfloat-abi=hard -mthumb -o "Drivers/BSP/Components/vl53l3cx/modules/vl53lx_api.o"
arm-none-eabi-gcc "../Drivers/BSP/Components/vl53l3cx/modules/vl53lx_api_calibration.c" -mcpu=cortex-m4 -std=gnu11 -g3 -DDEBUG -DUSE_HAL_DRIVER -DSTM32F302xC -c -I"/home/robbe/Desktop/Github/GestureControl/Code 2.0/GestureControl/Gesture Control F302RCV0/Drivers/BSP/Components" -I"/home/robbe/Desktop/Github/GestureControl/Code 2.0/GestureControl/Gesture Control F302RCV0/Drivers/BSP/Components/vl53l3cx/modules" -I"/home/robbe/Desktop/Github/GestureControl/Code 2.0/GestureControl/Gesture Control F302RCV0/Drivers/BSP/Components/vl53l3cx" -I../Core/Inc -I../Drivers/STM32F3xx_HAL_Driver/Inc -I../Drivers/STM32F3xx_HAL_Driver/Inc/Legacy -I../Drivers/CMSIS/Device/ST/STM32F3xx/Include -I../Drivers/CMSIS/Include -I../X-CUBE-TOF1/Target -O0 -ffunction-sections -fdata-sections -Wall -fstack-usage -MMD -MP -MF"Drivers/BSP/Components/vl53l3cx/modules/vl53lx_api_calibration.d" -MT"Drivers/BSP/Components/vl53l3cx/modules/vl53lx_api_calibration.o" --specs=nano.specs -mfpu=fpv4-sp-d16 -mfloat-abi=hard -mthumb -o "Drivers/BSP/Components/vl53l3cx/modules/vl53lx_api_calibration.o"
arm-none-eabi-gcc "../Drivers/BSP/Components/vl53l3cx/modules/vl53lx_api_core.c" -mcpu=cortex-m4 -std=gnu11 -g3 -DDEBUG -DUSE_HAL_DRIVER -DSTM32F302xC -c -I"/home/robbe/Desktop/Github/GestureControl/Code 2.0/GestureControl/Gesture Control F302RCV0/Drivers/BSP/Components" -I"/home/robbe/Desktop/Github/GestureControl/Code 2.0/GestureControl/Gesture Control F302RCV0/Drivers/BSP/Components/vl53l3cx/modules" -I"/home/robbe/Desktop/Github/GestureControl/Code 2.0/GestureControl/Gesture Control F302RCV0/Drivers/BSP/Components/vl53l3cx" -I../Core/Inc -I../Drivers/STM32F3xx_HAL_Driver/Inc -I../Drivers/STM32F3xx_HAL_Driver/Inc/Legacy -I../Drivers/CMSIS/Device/ST/STM32F3xx/Include -I../Drivers/CMSIS/Include -I../X-CUBE-TOF1/Target -O0 -ffunction-sections -fdata-sections -Wall -fstack-usage -MMD -MP -MF"Drivers/BSP/Components/vl53l3cx/modules/vl53lx_api_core.d" -MT"Drivers/BSP/Components/vl53l3cx/modules/vl53lx_api_core.o" --specs=nano.specs -mfpu=fpv4-sp-d16 -mfloat-abi=hard -mthumb -o "Drivers/BSP/Components/vl53l3cx/modules/vl53lx_api_core.o"
arm-none-eabi-gcc "../Drivers/BSP/Components/vl53l3cx/modules/vl53lx_api_debug.c" -mcpu=cortex-m4 -std=gnu11 -g3 -DDEBUG -DUSE_HAL_DRIVER -DSTM32F302xC -c -I"/home/robbe/Desktop/Github/GestureControl/Code 2.0/GestureControl/Gesture Control F302RCV0/Drivers/BSP/Components" -I"/home/robbe/Desktop/Github/GestureControl/Code 2.0/GestureControl/Gesture Control F302RCV0/Drivers/BSP/Components/vl53l3cx/modules" -I"/home/robbe/Desktop/Github/GestureControl/Code 2.0/GestureControl/Gesture Control F302RCV0/Drivers/BSP/Components/vl53l3cx" -I../Core/Inc -I../Drivers/STM32F3xx_HAL_Driver/Inc -I../Drivers/STM32F3xx_HAL_Driver/Inc/Legacy -I../Drivers/CMSIS/Device/ST/STM32F3xx/Include -I../Drivers/CMSIS/Include -I../X-CUBE-TOF1/Target -O0 -ffunction-sections -fdata-sections -Wall -fstack-usage -MMD -MP -MF"Drivers/BSP/Components/vl53l3cx/modules/vl53lx_api_debug.d" -MT"Drivers/BSP/Components/vl53l3cx/modules/vl53lx_api_debug.o" --specs=nano.specs -mfpu=fpv4-sp-d16 -mfloat-abi=hard -mthumb -o "Drivers/BSP/Components/vl53l3cx/modules/vl53lx_api_debug.o"
arm-none-eabi-gcc "../Drivers/BSP/Components/vl53l3cx/modules/vl53lx_api_preset_modes.c" -mcpu=cortex-m4 -std=gnu11 -g3 -DDEBUG -DUSE_HAL_DRIVER -DSTM32F302xC -c -I"/home/robbe/Desktop/Github/GestureControl/Code 2.0/GestureControl/Gesture Control F302RCV0/Drivers/BSP/Components" -I"/home/robbe/Desktop/Github/GestureControl/Code 2.0/GestureControl/Gesture Control F302RCV0/Drivers/BSP/Components/vl53l3cx/modules" -I"/home/robbe/Desktop/Github/GestureControl/Code 2.0/GestureControl/Gesture Control F302RCV0/Drivers/BSP/Components/vl53l3cx" -I../Core/Inc -I../Drivers/STM32F3xx_HAL_Driver/Inc -I../Drivers/STM32F3xx_HAL_Driver/Inc/Legacy -I../Drivers/CMSIS/Device/ST/STM32F3xx/Include -I../Drivers/CMSIS/Include -I../X-CUBE-TOF1/Target -O0 -ffunction-sections -fdata-sections -Wall -fstack-usage -MMD -MP -MF"Drivers/BSP/Components/vl53l3cx/modules/vl53lx_api_preset_modes.d" -MT"Drivers/BSP/Components/vl53l3cx/modules/vl53lx_api_preset_modes.o" --specs=nano.specs -mfpu=fpv4-sp-d16 -mfloat-abi=hard -mthumb -o "Drivers/BSP/Components/vl53l3cx/modules/vl53lx_api_preset_modes.o"
arm-none-eabi-gcc "../Drivers/BSP/Components/vl53l3cx/modules/vl53lx_core.c" -mcpu=cortex-m4 -std=gnu11 -g3 -DDEBUG -DUSE_HAL_DRIVER -DSTM32F302xC -c -I"/home/robbe/Desktop/Github/GestureControl/Code 2.0/GestureControl/Gesture Control F302RCV0/Drivers/BSP/Components" -I"/home/robbe/Desktop/Github/GestureControl/Code 2.0/GestureControl/Gesture Control F302RCV0/Drivers/BSP/Components/vl53l3cx/modules" -I"/home/robbe/Desktop/Github/GestureControl/Code 2.0/GestureControl/Gesture Control F302RCV0/Drivers/BSP/Components/vl53l3cx" -I../Core/Inc -I../Drivers/STM32F3xx_HAL_Driver/Inc -I../Drivers/STM32F3xx_HAL_Driver/Inc/Legacy -I../Drivers/CMSIS/Device/ST/STM32F3xx/Include -I../Drivers/CMSIS/Include -I../X-CUBE-TOF1/Target -O0 -ffunction-sections -fdata-sections -Wall -fstack-usage -MMD -MP -MF"Drivers/BSP/Components/vl53l3cx/modules/vl53lx_core.d" -MT"Drivers/BSP/Components/vl53l3cx/modules/vl53lx_core.o" --specs=nano.specs -mfpu=fpv4-sp-d16 -mfloat-abi=hard -mthumb -o "Drivers/BSP/Components/vl53l3cx/modules/vl53lx_core.o"
arm-none-eabi-gcc "../Drivers/BSP/Components/vl53l3cx/modules/vl53lx_core_support.c" -mcpu=cortex-m4 -std=gnu11 -g3 -DDEBUG -DUSE_HAL_DRIVER -DSTM32F302xC -c -I"/home/robbe/Desktop/Github/GestureControl/Code 2.0/GestureControl/Gesture Control F302RCV0/Drivers/BSP/Components" -I"/home/robbe/Desktop/Github/GestureControl/Code 2.0/GestureControl/Gesture Control F302RCV0/Drivers/BSP/Components/vl53l3cx/modules" -I"/home/robbe/Desktop/Github/GestureControl/Code 2.0/GestureControl/Gesture Control F302RCV0/Drivers/BSP/Components/vl53l3cx" -I../Core/Inc -I../Drivers/STM32F3xx_HAL_Driver/Inc -I../Drivers/STM32F3xx_HAL_Driver/Inc/Legacy -I../Drivers/CMSIS/Device/ST/STM32F3xx/Include -I../Drivers/CMSIS/Include -I../X-CUBE-TOF1/Target -O0 -ffunction-sections -fdata-sections -Wall -fstack-usage -MMD -MP -MF"Drivers/BSP/Components/vl53l3cx/modules/vl53lx_core_support.d" -MT"Drivers/BSP/Components/vl53l3cx/modules/vl53lx_core_support.o" --specs=nano.specs -mfpu=fpv4-sp-d16 -mfloat-abi=hard -mthumb -o "Drivers/BSP/Components/vl53l3cx/modules/vl53lx_core_support.o"
arm-none-eabi-gcc "../Drivers/BSP/Components/vl53l3cx/modules/vl53lx_dmax.c" -mcpu=cortex-m4 -std=gnu11 -g3 -DDEBUG -DUSE_HAL_DRIVER -DSTM32F302xC -c -I"/home/robbe/Desktop/Github/GestureControl/Code 2.0/GestureControl/Gesture Control F302RCV0/Drivers/BSP/Components" -I"/home/robbe/Desktop/Github/GestureControl/Code 2.0/GestureControl/Gesture Control F302RCV0/Drivers/BSP/Components/vl53l3cx/modules" -I"/home/robbe/Desktop/Github/GestureControl/Code 2.0/GestureControl/Gesture Control F302RCV0/Drivers/BSP/Components/vl53l3cx" -I../Core/Inc -I../Drivers/STM32F3xx_HAL_Driver/Inc -I../Drivers/STM32F3xx_HAL_Driver/Inc/Legacy -I../Drivers/CMSIS/Device/ST/STM32F3xx/Include -I../Drivers/CMSIS/Include -I../X-CUBE-TOF1/Target -O0 -ffunction-sections -fdata-sections -Wall -fstack-usage -MMD -MP -MF"Drivers/BSP/Components/vl53l3cx/modules/vl53lx_dmax.d" -MT"Drivers/BSP/Components/vl53l3cx/modules/vl53lx_dmax.o" --specs=nano.specs -mfpu=fpv4-sp-d16 -mfloat-abi=hard -mthumb -o "Drivers/BSP/Components/vl53l3cx/modules/vl53lx_dmax.o"
arm-none-eabi-gcc "../Drivers/BSP/Components/vl53l3cx/modules/vl53lx_hist_algos_gen3.c" -mcpu=cortex-m4 -std=gnu11 -g3 -DDEBUG -DUSE_HAL_DRIVER -DSTM32F302xC -c -I"/home/robbe/Desktop/Github/GestureControl/Code 2.0/GestureControl/Gesture Control F302RCV0/Drivers/BSP/Components" -I"/home/robbe/Desktop/Github/GestureControl/Code 2.0/GestureControl/Gesture Control F302RCV0/Drivers/BSP/Components/vl53l3cx/modules" -I"/home/robbe/Desktop/Github/GestureControl/Code 2.0/GestureControl/Gesture Control F302RCV0/Drivers/BSP/Components/vl53l3cx" -I../Core/Inc -I../Drivers/STM32F3xx_HAL_Driver/Inc -I../Drivers/STM32F3xx_HAL_Driver/Inc/Legacy -I../Drivers/CMSIS/Device/ST/STM32F3xx/Include -I../Drivers/CMSIS/Include -I../X-CUBE-TOF1/Target -O0 -ffunction-sections -fdata-sections -Wall -fstack-usage -MMD -MP -MF"Drivers/BSP/Components/vl53l3cx/modules/vl53lx_hist_algos_gen3.d" -MT"Drivers/BSP/Components/vl53l3cx/modules/vl53lx_hist_algos_gen3.o" --specs=nano.specs -mfpu=fpv4-sp-d16 -mfloat-abi=hard -mthumb -o "Drivers/BSP/Components/vl53l3cx/modules/vl53lx_hist_algos_gen3.o"
arm-none-eabi-gcc "../Drivers/BSP/Components/vl53l3cx/modules/vl53lx_hist_algos_gen4.c" -mcpu=cortex-m4 -std=gnu11 -g3 -DDEBUG -DUSE_HAL_DRIVER -DSTM32F302xC -c -I"/home/robbe/Desktop/Github/GestureControl/Code 2.0/GestureControl/Gesture Control F302RCV0/Drivers/BSP/Components" -I"/home/robbe/Desktop/Github/GestureControl/Code 2.0/GestureControl/Gesture Control F302RCV0/Drivers/BSP/Components/vl53l3cx/modules" -I"/home/robbe/Desktop/Github/GestureControl/Code 2.0/GestureControl/Gesture Control F302RCV0/Drivers/BSP/Components/vl53l3cx" -I../Core/Inc -I../Drivers/STM32F3xx_HAL_Driver/Inc -I../Drivers/STM32F3xx_HAL_Driver/Inc/Legacy -I../Drivers/CMSIS/Device/ST/STM32F3xx/Include -I../Drivers/CMSIS/Include -I../X-CUBE-TOF1/Target -O0 -ffunction-sections -fdata-sections -Wall -fstack-usage -MMD -MP -MF"Drivers/BSP/Components/vl53l3cx/modules/vl53lx_hist_algos_gen4.d" -MT"Drivers/BSP/Components/vl53l3cx/modules/vl53lx_hist_algos_gen4.o" --specs=nano.specs -mfpu=fpv4-sp-d16 -mfloat-abi=hard -mthumb -o "Drivers/BSP/Components/vl53l3cx/modules/vl53lx_hist_algos_gen4.o"
arm-none-eabi-gcc "../Drivers/BSP/Components/vl53l3cx/modules/vl53lx_hist_char.c" -mcpu=cortex-m4 -std=gnu11 -g3 -DDEBUG -DUSE_HAL_DRIVER -DSTM32F302xC -c -I"/home/robbe/Desktop/Github/GestureControl/Code 2.0/GestureControl/Gesture Control F302RCV0/Drivers/BSP/Components" -I"/home/robbe/Desktop/Github/GestureControl/Code 2.0/GestureControl/Gesture Control F302RCV0/Drivers/BSP/Components/vl53l3cx/modules" -I"/home/robbe/Desktop/Github/GestureControl/Code 2.0/GestureControl/Gesture Control F302RCV0/Drivers/BSP/Components/vl53l3cx" -I../Core/Inc -I../Drivers/STM32F3xx_HAL_Driver/Inc -I../Drivers/STM32F3xx_HAL_Driver/Inc/Legacy -I../Drivers/CMSIS/Device/ST/STM32F3xx/Include -I../Drivers/CMSIS/Include -I../X-CUBE-TOF1/Target -O0 -ffunction-sections -fdata-sections -Wall -fstack-usage -MMD -MP -MF"Drivers/BSP/Components/vl53l3cx/modules/vl53lx_hist_char.d" -MT"Drivers/BSP/Components/vl53l3cx/modules/vl53lx_hist_char.o" --specs=nano.specs -mfpu=fpv4-sp-d16 -mfloat-abi=hard -mthumb -o "Drivers/BSP/Components/vl53l3cx/modules/vl53lx_hist_char.o"
arm-none-eabi-gcc "../Drivers/BSP/Components/vl53l3cx/modules/vl53lx_hist_core.c" -mcpu=cortex-m4 -std=gnu11 -g3 -DDEBUG -DUSE_HAL_DRIVER -DSTM32F302xC -c -I"/home/robbe/Desktop/Github/GestureControl/Code 2.0/GestureControl/Gesture Control F302RCV0/Drivers/BSP/Components" -I"/home/robbe/Desktop/Github/GestureControl/Code 2.0/GestureControl/Gesture Control F302RCV0/Drivers/BSP/Components/vl53l3cx/modules" -I"/home/robbe/Desktop/Github/GestureControl/Code 2.0/GestureControl/Gesture Control F302RCV0/Drivers/BSP/Components/vl53l3cx" -I../Core/Inc -I../Drivers/STM32F3xx_HAL_Driver/Inc -I../Drivers/STM32F3xx_HAL_Driver/Inc/Legacy -I../Drivers/CMSIS/Device/ST/STM32F3xx/Include -I../Drivers/CMSIS/Include -I../X-CUBE-TOF1/Target -O0 -ffunction-sections -fdata-sections -Wall -fstack-usage -MMD -MP -MF"Drivers/BSP/Components/vl53l3cx/modules/vl53lx_hist_core.d" -MT"Drivers/BSP/Components/vl53l3cx/modules/vl53lx_hist_core.o" --specs=nano.specs -mfpu=fpv4-sp-d16 -mfloat-abi=hard -mthumb -o "Drivers/BSP/Components/vl53l3cx/modules/vl53lx_hist_core.o"
arm-none-eabi-gcc "../Drivers/BSP/Components/vl53l3cx/modules/vl53lx_hist_funcs.c" -mcpu=cortex-m4 -std=gnu11 -g3 -DDEBUG -DUSE_HAL_DRIVER -DSTM32F302xC -c -I"/home/robbe/Desktop/Github/GestureControl/Code 2.0/GestureControl/Gesture Control F302RCV0/Drivers/BSP/Components" -I"/home/robbe/Desktop/Github/GestureControl/Code 2.0/GestureControl/Gesture Control F302RCV0/Drivers/BSP/Components/vl53l3cx/modules" -I"/home/robbe/Desktop/Github/GestureControl/Code 2.0/GestureControl/Gesture Control F302RCV0/Drivers/BSP/Components/vl53l3cx" -I../Core/Inc -I../Drivers/STM32F3xx_HAL_Driver/Inc -I../Drivers/STM32F3xx_HAL_Driver/Inc/Legacy -I../Drivers/CMSIS/Device/ST/STM32F3xx/Include -I../Drivers/CMSIS/Include -I../X-CUBE-TOF1/Target -O0 -ffunction-sections -fdata-sections -Wall -fstack-usage -MMD -MP -MF"Drivers/BSP/Components/vl53l3cx/modules/vl53lx_hist_funcs.d" -MT"Drivers/BSP/Components/vl53l3cx/modules/vl53lx_hist_funcs.o" --specs=nano.specs -mfpu=fpv4-sp-d16 -mfloat-abi=hard -mthumb -o "Drivers/BSP/Components/vl53l3cx/modules/vl53lx_hist_funcs.o"
arm-none-eabi-gcc "../Drivers/BSP/Components/vl53l3cx/modules/vl53lx_nvm.c" -mcpu=cortex-m4 -std=gnu11 -g3 -DDEBUG -DUSE_HAL_DRIVER -DSTM32F302xC -c -I"/home/robbe/Desktop/Github/GestureControl/Code 2.0/GestureControl/Gesture Control F302RCV0/Drivers/BSP/Components" -I"/home/robbe/Desktop/Github/GestureControl/Code 2.0/GestureControl/Gesture Control F302RCV0/Drivers/BSP/Components/vl53l3cx/modules" -I"/home/robbe/Desktop/Github/GestureControl/Code 2.0/GestureControl/Gesture Control F302RCV0/Drivers/BSP/Components/vl53l3cx" -I../Core/Inc -I../Drivers/STM32F3xx_HAL_Driver/Inc -I../Drivers/STM32F3xx_HAL_Driver/Inc/Legacy -I../Drivers/CMSIS/Device/ST/STM32F3xx/Include -I../Drivers/CMSIS/Include -I../X-CUBE-TOF1/Target -O0 -ffunction-sections -fdata-sections -Wall -fstack-usage -MMD -MP -MF"Drivers/BSP/Components/vl53l3cx/modules/vl53lx_nvm.d" -MT"Drivers/BSP/Components/vl53l3cx/modules/vl53lx_nvm.o" --specs=nano.specs -mfpu=fpv4-sp-d16 -mfloat-abi=hard -mthumb -o "Drivers/BSP/Components/vl53l3cx/modules/vl53lx_nvm.o"
arm-none-eabi-gcc "../Drivers/BSP/Components/vl53l3cx/modules/vl53lx_nvm_debug.c" -mcpu=cortex-m4 -std=gnu11 -g3 -DDEBUG -DUSE_HAL_DRIVER -DSTM32F302xC -c -I"/home/robbe/Desktop/Github/GestureControl/Code 2.0/GestureControl/Gesture Control F302RCV0/Drivers/BSP/Components" -I"/home/robbe/Desktop/Github/GestureControl/Code 2.0/GestureControl/Gesture Control F302RCV0/Drivers/BSP/Components/vl53l3cx/modules" -I"/home/robbe/Desktop/Github/GestureControl/Code 2.0/GestureControl/Gesture Control F302RCV0/Drivers/BSP/Components/vl53l3cx" -I../Core/Inc -I../Drivers/STM32F3xx_HAL_Driver/Inc -I../Drivers/STM32F3xx_HAL_Driver/Inc/Legacy -I../Drivers/CMSIS/Device/ST/STM32F3xx/Include -I../Drivers/CMSIS/Include -I../X-CUBE-TOF1/Target -O0 -ffunction-sections -fdata-sections -Wall -fstack-usage -MMD -MP -MF"Drivers/BSP/Components/vl53l3cx/modules/vl53lx_nvm_debug.d" -MT"Drivers/BSP/Components/vl53l3cx/modules/vl53lx_nvm_debug.o" --specs=nano.specs -mfpu=fpv4-sp-d16 -mfloat-abi=hard -mthumb -o "Drivers/BSP/Components/vl53l3cx/modules/vl53lx_nvm_debug.o"
arm-none-eabi-gcc "../Drivers/BSP/Components/vl53l3cx/modules/vl53lx_platform.c" -mcpu=cortex-m4 -std=gnu11 -g3 -DDEBUG -DUSE_HAL_DRIVER -DSTM32F302xC -c -I"/home/robbe/Desktop/Github/GestureControl/Code 2.0/GestureControl/Gesture Control F302RCV0/Drivers/BSP/Components" -I"/home/robbe/Desktop/Github/GestureControl/Code 2.0/GestureControl/Gesture Control F302RCV0/Drivers/BSP/Components/vl53l3cx/modules" -I"/home/robbe/Desktop/Github/GestureControl/Code 2.0/GestureControl/Gesture Control F302RCV0/Drivers/BSP/Components/vl53l3cx" -I../Core/Inc -I../Drivers/STM32F3xx_HAL_Driver/Inc -I../Drivers/STM32F3xx_HAL_Driver/Inc/Legacy -I../Drivers/CMSIS/Device/ST/STM32F3xx/Include -I../Drivers/CMSIS/Include -I../X-CUBE-TOF1/Target -O0 -ffunction-sections -fdata-sections -Wall -fstack-usage -MMD -MP -MF"Drivers/BSP/Components/vl53l3cx/modules/vl53lx_platform.d" -MT"Drivers/BSP/Components/vl53l3cx/modules/vl53lx_platform.o" --specs=nano.specs -mfpu=fpv4-sp-d16 -mfloat-abi=hard -mthumb -o "Drivers/BSP/Components/vl53l3cx/modules/vl53lx_platform.o"
arm-none-eabi-gcc "../Drivers/BSP/Components/vl53l3cx/modules/vl53lx_platform_ipp.c" -mcpu=cortex-m4 -std=gnu11 -g3 -DDEBUG -DUSE_HAL_DRIVER -DSTM32F302xC -c -I"/home/robbe/Desktop/Github/GestureControl/Code 2.0/GestureControl/Gesture Control F302RCV0/Drivers/BSP/Components" -I"/home/robbe/Desktop/Github/GestureControl/Code 2.0/GestureControl/Gesture Control F302RCV0/Drivers/BSP/Components/vl53l3cx/modules" -I"/home/robbe/Desktop/Github/GestureControl/Code 2.0/GestureControl/Gesture Control F302RCV0/Drivers/BSP/Components/vl53l3cx" -I../Core/Inc -I../Drivers/STM32F3xx_HAL_Driver/Inc -I../Drivers/STM32F3xx_HAL_Driver/Inc/Legacy -I../Drivers/CMSIS/Device/ST/STM32F3xx/Include -I../Drivers/CMSIS/Include -I../X-CUBE-TOF1/Target -O0 -ffunction-sections -fdata-sections -Wall -fstack-usage -MMD -MP -MF"Drivers/BSP/Components/vl53l3cx/modules/vl53lx_platform_ipp.d" -MT"Drivers/BSP/Components/vl53l3cx/modules/vl53lx_platform_ipp.o" --specs=nano.specs -mfpu=fpv4-sp-d16 -mfloat-abi=hard -mthumb -o "Drivers/BSP/Components/vl53l3cx/modules/vl53lx_platform_ipp.o"
arm-none-eabi-gcc "../Drivers/BSP/Components/vl53l3cx/modules/vl53lx_platform_log.c" -mcpu=cortex-m4 -std=gnu11 -g3 -DDEBUG -DUSE_HAL_DRIVER -DSTM32F302xC -c -I"/home/robbe/Desktop/Github/GestureControl/Code 2.0/GestureControl/Gesture Control F302RCV0/Drivers/BSP/Components" -I"/home/robbe/Desktop/Github/GestureControl/Code 2.0/GestureControl/Gesture Control F302RCV0/Drivers/BSP/Components/vl53l3cx/modules" -I"/home/robbe/Desktop/Github/GestureControl/Code 2.0/GestureControl/Gesture Control F302RCV0/Drivers/BSP/Components/vl53l3cx" -I../Core/Inc -I../Drivers/STM32F3xx_HAL_Driver/Inc -I../Drivers/STM32F3xx_HAL_Driver/Inc/Legacy -I../Drivers/CMSIS/Device/ST/STM32F3xx/Include -I../Drivers/CMSIS/Include -I../X-CUBE-TOF1/Target -O0 -ffunction-sections -fdata-sections -Wall -fstack-usage -MMD -MP -MF"Drivers/BSP/Components/vl53l3cx/modules/vl53lx_platform_log.d" -MT"Drivers/BSP/Components/vl53l3cx/modules/vl53lx_platform_log.o" --specs=nano.specs -mfpu=fpv4-sp-d16 -mfloat-abi=hard -mthumb -o "Drivers/BSP/Components/vl53l3cx/modules/vl53lx_platform_log.o"
arm-none-eabi-gcc "../Drivers/BSP/Components/vl53l3cx/modules/vl53lx_register_funcs.c" -mcpu=cortex-m4 -std=gnu11 -g3 -DDEBUG -DUSE_HAL_DRIVER -DSTM32F302xC -c -I"/home/robbe/Desktop/Github/GestureControl/Code 2.0/GestureControl/Gesture Control F302RCV0/Drivers/BSP/Components" -I"/home/robbe/Desktop/Github/GestureControl/Code 2.0/GestureControl/Gesture Control F302RCV0/Drivers/BSP/Components/vl53l3cx/modules" -I"/home/robbe/Desktop/Github/GestureControl/Code 2.0/GestureControl/Gesture Control F302RCV0/Drivers/BSP/Components/vl53l3cx" -I../Core/Inc -I../Drivers/STM32F3xx_HAL_Driver/Inc -I../Drivers/STM32F3xx_HAL_Driver/Inc/Legacy -I../Drivers/CMSIS/Device/ST/STM32F3xx/Include -I../Drivers/CMSIS/Include -I../X-CUBE-TOF1/Target -O0 -ffunction-sections -fdata-sections -Wall -fstack-usage -MMD -MP -MF"Drivers/BSP/Components/vl53l3cx/modules/vl53lx_register_funcs.d" -MT"Drivers/BSP/Components/vl53l3cx/modules/vl53lx_register_funcs.o" --specs=nano.specs -mfpu=fpv4-sp-d16 -mfloat-abi=hard -mthumb -o "Drivers/BSP/Components/vl53l3cx/modules/vl53lx_register_funcs.o"
arm-none-eabi-gcc "../Drivers/BSP/Components/vl53l3cx/modules/vl53lx_sigma_estimate.c" -mcpu=cortex-m4 -std=gnu11 -g3 -DDEBUG -DUSE_HAL_DRIVER -DSTM32F302xC -c -I"/home/robbe/Desktop/Github/GestureControl/Code 2.0/GestureControl/Gesture Control F302RCV0/Drivers/BSP/Components" -I"/home/robbe/Desktop/Github/GestureControl/Code 2.0/GestureControl/Gesture Control F302RCV0/Drivers/BSP/Components/vl53l3cx/modules" -I"/home/robbe/Desktop/Github/GestureControl/Code 2.0/GestureControl/Gesture Control F302RCV0/Drivers/BSP/Components/vl53l3cx" -I../Core/Inc -I../Drivers/STM32F3xx_HAL_Driver/Inc -I../Drivers/STM32F3xx_HAL_Driver/Inc/Legacy -I../Drivers/CMSIS/Device/ST/STM32F3xx/Include -I../Drivers/CMSIS/Include -I../X-CUBE-TOF1/Target -O0 -ffunction-sections -fdata-sections -Wall -fstack-usage -MMD -MP -MF"Drivers/BSP/Components/vl53l3cx/modules/vl53lx_sigma_estimate.d" -MT"Drivers/BSP/Components/vl53l3cx/modules/vl53lx_sigma_estimate.o" --specs=nano.specs -mfpu=fpv4-sp-d16 -mfloat-abi=hard -mthumb -o "Drivers/BSP/Components/vl53l3cx/modules/vl53lx_sigma_estimate.o"
arm-none-eabi-gcc "../Drivers/BSP/Components/vl53l3cx/modules/vl53lx_silicon_core.c" -mcpu=cortex-m4 -std=gnu11 -g3 -DDEBUG -DUSE_HAL_DRIVER -DSTM32F302xC -c -I"/home/robbe/Desktop/Github/GestureControl/Code 2.0/GestureControl/Gesture Control F302RCV0/Drivers/BSP/Components" -I"/home/robbe/Desktop/Github/GestureControl/Code 2.0/GestureControl/Gesture Control F302RCV0/Drivers/BSP/Components/vl53l3cx/modules" -I"/home/robbe/Desktop/Github/GestureControl/Code 2.0/GestureControl/Gesture Control F302RCV0/Drivers/BSP/Components/vl53l3cx" -I../Core/Inc -I../Drivers/STM32F3xx_HAL_Driver/Inc -I../Drivers/STM32F3xx_HAL_Driver/Inc/Legacy -I../Drivers/CMSIS/Device/ST/STM32F3xx/Include -I../Drivers/CMSIS/Include -I../X-CUBE-TOF1/Target -O0 -ffunction-sections -fdata-sections -Wall -fstack-usage -MMD -MP -MF"Drivers/BSP/Components/vl53l3cx/modules/vl53lx_silicon_core.d" -MT"Drivers/BSP/Components/vl53l3cx/modules/vl53lx_silicon_core.o" --specs=nano.specs -mfpu=fpv4-sp-d16 -mfloat-abi=hard -mthumb -o "Drivers/BSP/Components/vl53l3cx/modules/vl53lx_silicon_core.o"
arm-none-eabi-gcc "../Drivers/BSP/Components/vl53l3cx/modules/vl53lx_wait.c" -mcpu=cortex-m4 -std=gnu11 -g3 -DDEBUG -DUSE_HAL_DRIVER -DSTM32F302xC -c -I"/home/robbe/Desktop/Github/GestureControl/Code 2.0/GestureControl/Gesture Control F302RCV0/Drivers/BSP/Components" -I"/home/robbe/Desktop/Github/GestureControl/Code 2.0/GestureControl/Gesture Control F302RCV0/Drivers/BSP/Components/vl53l3cx/modules" -I"/home/robbe/Desktop/Github/GestureControl/Code 2.0/GestureControl/Gesture Control F302RCV0/Drivers/BSP/Components/vl53l3cx" -I../Core/Inc -I../Drivers/STM32F3xx_HAL_Driver/Inc -I../Drivers/STM32F3xx_HAL_Driver/Inc/Legacy -I../Drivers/CMSIS/Device/ST/STM32F3xx/Include -I../Drivers/CMSIS/Include -I../X-CUBE-TOF1/Target -O0 -ffunction-sections -fdata-sections -Wall -fstack-usage -MMD -MP -MF"Drivers/BSP/Components/vl53l3cx/modules/vl53lx_wait.d" -MT"Drivers/BSP/Components/vl53l3cx/modules/vl53lx_wait.o" --specs=nano.specs -mfpu=fpv4-sp-d16 -mfloat-abi=hard -mthumb -o "Drivers/BSP/Components/vl53l3cx/modules/vl53lx_wait.o"
arm-none-eabi-gcc "../Drivers/BSP/Components/vl53l3cx/modules/vl53lx_xtalk.c" -mcpu=cortex-m4 -std=gnu11 -g3 -DDEBUG -DUSE_HAL_DRIVER -DSTM32F302xC -c -I"/home/robbe/Desktop/Github/GestureControl/Code 2.0/GestureControl/Gesture Control F302RCV0/Drivers/BSP/Components" -I"/home/robbe/Desktop/Github/GestureControl/Code 2.0/GestureControl/Gesture Control F302RCV0/Drivers/BSP/Components/vl53l3cx/modules" -I"/home/robbe/Desktop/Github/GestureControl/Code 2.0/GestureControl/Gesture Control F302RCV0/Drivers/BSP/Components/vl53l3cx" -I../Core/Inc -I../Drivers/STM32F3xx_HAL_Driver/Inc -I../Drivers/STM32F3xx_HAL_Driver/Inc/Legacy -I../Drivers/CMSIS/Device/ST/STM32F3xx/Include -I../Drivers/CMSIS/Include -I../X-CUBE-TOF1/Target -O0 -ffunction-sections -fdata-sections -Wall -fstack-usage -MMD -MP -MF"Drivers/BSP/Components/vl53l3cx/modules/vl53lx_xtalk.d" -MT"Drivers/BSP/Components/vl53l3cx/modules/vl53lx_xtalk.o" --specs=nano.specs -mfpu=fpv4-sp-d16 -mfloat-abi=hard -mthumb -o "Drivers/BSP/Components/vl53l3cx/modules/vl53lx_xtalk.o"
arm-none-eabi-gcc "../Drivers/BSP/Components/vl53l3cx/vl53l3cx.c" -mcpu=cortex-m4 -std=gnu11 -g3 -DDEBUG -DUSE_HAL_DRIVER -DSTM32F302xC -c -I"/home/robbe/Desktop/Github/GestureControl/Code 2.0/GestureControl/Gesture Control F302RCV0/Drivers/BSP/Components" -I"/home/robbe/Desktop/Github/GestureControl/Code 2.0/GestureControl/Gesture Control F302RCV0/Drivers/BSP/Components/vl53l3cx/modules" -I"/home/robbe/Desktop/Github/GestureControl/Code 2.0/GestureControl/Gesture Control F302RCV0/Drivers/BSP/Components/vl53l3cx" -I../Core/Inc -I../Drivers/STM32F3xx_HAL_Driver/Inc -I../Drivers/STM32F3xx_HAL_Driver/Inc/Legacy -I../Drivers/CMSIS/Device/ST/STM32F3xx/Include -I../Drivers/CMSIS/Include -I../X-CUBE-TOF1/Target -O0 -ffunction-sections -fdata-sections -Wall -fstack-usage -MMD -MP -MF"Drivers/BSP/Components/vl53l3cx/vl53l3cx.d" -MT"Drivers/BSP/Components/vl53l3cx/vl53l3cx.o" --specs=nano.specs -mfpu=fpv4-sp-d16 -mfloat-abi=hard -mthumb -o "Drivers/BSP/Components/vl53l3cx/vl53l3cx.o"
arm-none-eabi-gcc "../Core/Src/custom_bus.c" -mcpu=cortex-m4 -std=gnu11 -g3 -DDEBUG -DUSE_HAL_DRIVER -DSTM32F302xC -c -I"/home/robbe/Desktop/Github/GestureControl/Code 2.0/GestureControl/Gesture Control F302RCV0/Drivers/BSP/Components" -I"/home/robbe/Desktop/Github/GestureControl/Code 2.0/GestureControl/Gesture Control F302RCV0/Drivers/BSP/Components/vl53l3cx/modules" -I"/home/robbe/Desktop/Github/GestureControl/Code 2.0/GestureControl/Gesture Control F302RCV0/Drivers/BSP/Components/vl53l3cx" -I../Core/Inc -I../Drivers/STM32F3xx_HAL_Driver/Inc -I../Drivers/STM32F3xx_HAL_Driver/Inc/Legacy -I../Drivers/CMSIS/Device/ST/STM32F3xx/Include -I../Drivers/CMSIS/Include -I../X-CUBE-TOF1/Target -O0 -ffunction-sections -fdata-sections -Wall -fstack-usage -MMD -MP -MF"Core/Src/custom_bus.d" -MT"Core/Src/custom_bus.o" --specs=nano.specs -mfpu=fpv4-sp-d16 -mfloat-abi=hard -mthumb -o "Core/Src/custom_bus.o"
arm-none-eabi-gcc "../Core/Src/gpio.c" -mcpu=cortex-m4 -std=gnu11 -g3 -DDEBUG -DUSE_HAL_DRIVER -DSTM32F302xC -c -I"/home/robbe/Desktop/Github/GestureControl/Code 2.0/GestureControl/Gesture Control F302RCV0/Drivers/BSP/Components" -I"/home/robbe/Desktop/Github/GestureControl/Code 2.0/GestureControl/Gesture Control F302RCV0/Drivers/BSP/Components/vl53l3cx/modules" -I"/home/robbe/Desktop/Github/GestureControl/Code 2.0/GestureControl/Gesture Control F302RCV0/Drivers/BSP/Components/vl53l3cx" -I../Core/Inc -I../Drivers/STM32F3xx_HAL_Driver/Inc -I../Drivers/STM32F3xx_HAL_Driver/Inc/Legacy -I../Drivers/CMSIS/Device/ST/STM32F3xx/Include -I../Drivers/CMSIS/Include -I../X-CUBE-TOF1/Target -O0 -ffunction-sections -fdata-sections -Wall -fstack-usage -MMD -MP -MF"Core/Src/gpio.d" -MT"Core/Src/gpio.o" --specs=nano.specs -mfpu=fpv4-sp-d16 -mfloat-abi=hard -mthumb -o "Core/Src/gpio.o"
arm-none-eabi-gcc "../Core/Src/i2c.c" -mcpu=cortex-m4 -std=gnu11 -g3 -DDEBUG -DUSE_HAL_DRIVER -DSTM32F302xC -c -I"/home/robbe/Desktop/Github/GestureControl/Code 2.0/GestureControl/Gesture Control F302RCV0/Drivers/BSP/Components" -I"/home/robbe/Desktop/Github/GestureControl/Code 2.0/GestureControl/Gesture Control F302RCV0/Drivers/BSP/Components/vl53l3cx/modules" -I"/home/robbe/Desktop/Github/GestureControl/Code 2.0/GestureControl/Gesture Control F302RCV0/Drivers/BSP/Components/vl53l3cx" -I../Core/Inc -I../Drivers/STM32F3xx_HAL_Driver/Inc -I../Drivers/STM32F3xx_HAL_Driver/Inc/Legacy -I../Drivers/CMSIS/Device/ST/STM32F3xx/Include -I../Drivers/CMSIS/Include -I../X-CUBE-TOF1/Target -O0 -ffunction-sections -fdata-sections -Wall -fstack-usage -MMD -MP -MF"Core/Src/i2c.d" -MT"Core/Src/i2c.o" --specs=nano.specs -mfpu=fpv4-sp-d16 -mfloat-abi=hard -mthumb -o "Core/Src/i2c.o"
arm-none-eabi-gcc "../Core/Src/main.c" -mcpu=cortex-m4 -std=gnu11 -g3 -DDEBUG -DUSE_HAL_DRIVER -DSTM32F302xC -c -I"/home/robbe/Desktop/Github/GestureControl/Code 2.0/GestureControl/Gesture Control F302RCV0/Drivers/BSP/Components" -I"/home/robbe/Desktop/Github/GestureControl/Code 2.0/GestureControl/Gesture Control F302RCV0/Drivers/BSP/Components/vl53l3cx/modules" -I"/home/robbe/Desktop/Github/GestureControl/Code 2.0/GestureControl/Gesture Control F302RCV0/Drivers/BSP/Components/vl53l3cx" -I../Core/Inc -I../Drivers/STM32F3xx_HAL_Driver/Inc -I../Drivers/STM32F3xx_HAL_Driver/Inc/Legacy -I../Drivers/CMSIS/Device/ST/STM32F3xx/Include -I../Drivers/CMSIS/Include -I../X-CUBE-TOF1/Target -O0 -ffunction-sections -fdata-sections -Wall -fstack-usage -MMD -MP -MF"Core/Src/main.d" -MT"Core/Src/main.o" --specs=nano.specs -mfpu=fpv4-sp-d16 -mfloat-abi=hard -mthumb -o "Core/Src/main.o"
arm-none-eabi-gcc "../Core/Src/stm32f3xx_hal_msp.c" -mcpu=cortex-m4 -std=gnu11 -g3 -DDEBUG -DUSE_HAL_DRIVER -DSTM32F302xC -c -I"/home/robbe/Desktop/Github/GestureControl/Code 2.0/GestureControl/Gesture Control F302RCV0/Drivers/BSP/Components" -I"/home/robbe/Desktop/Github/GestureControl/Code 2.0/GestureControl/Gesture Control F302RCV0/Drivers/BSP/Components/vl53l3cx/modules" -I"/home/robbe/Desktop/Github/GestureControl/Code 2.0/GestureControl/Gesture Control F302RCV0/Drivers/BSP/Components/vl53l3cx" -I../Core/Inc -I../Drivers/STM32F3xx_HAL_Driver/Inc -I../Drivers/STM32F3xx_HAL_Driver/Inc/Legacy -I../Drivers/CMSIS/Device/ST/STM32F3xx/Include -I../Drivers/CMSIS/Include -I../X-CUBE-TOF1/Target -O0 -ffunction-sections -fdata-sections -Wall -fstack-usage -MMD -MP -MF"Core/Src/stm32f3xx_hal_msp.d" -MT"Core/Src/stm32f3xx_hal_msp.o" --specs=nano.specs -mfpu=fpv4-sp-d16 -mfloat-abi=hard -mthumb -o "Core/Src/stm32f3xx_hal_msp.o"
arm-none-eabi-gcc "../Core/Src/stm32f3xx_it.c" -mcpu=cortex-m4 -std=gnu11 -g3 -DDEBUG -DUSE_HAL_DRIVER -DSTM32F302xC -c -I"/home/robbe/Desktop/Github/GestureControl/Code 2.0/GestureControl/Gesture Control F302RCV0/Drivers/BSP/Components" -I"/home/robbe/Desktop/Github/GestureControl/Code 2.0/GestureControl/Gesture Control F302RCV0/Drivers/BSP/Components/vl53l3cx/modules" -I"/home/robbe/Desktop/Github/GestureControl/Code 2.0/GestureControl/Gesture Control F302RCV0/Drivers/BSP/Components/vl53l3cx" -I../Core/Inc -I../Drivers/STM32F3xx_HAL_Driver/Inc -I../Drivers/STM32F3xx_HAL_Driver/Inc/Legacy -I../Drivers/CMSIS/Device/ST/STM32F3xx/Include -I../Drivers/CMSIS/Include -I../X-CUBE-TOF1/Target -O0 -ffunction-sections -fdata-sections -Wall -fstack-usage -MMD -MP -MF"Core/Src/stm32f3xx_it.d" -MT"Core/Src/stm32f3xx_it.o" --specs=nano.specs -mfpu=fpv4-sp-d16 -mfloat-abi=hard -mthumb -o "Core/Src/stm32f3xx_it.o"
arm-none-eabi-gcc "../Core/Src/syscalls.c" -mcpu=cortex-m4 -std=gnu11 -g3 -DDEBUG -DUSE_HAL_DRIVER -DSTM32F302xC -c -I"/home/robbe/Desktop/Github/GestureControl/Code 2.0/GestureControl/Gesture Control F302RCV0/Drivers/BSP/Components" -I"/home/robbe/Desktop/Github/GestureControl/Code 2.0/GestureControl/Gesture Control F302RCV0/Drivers/BSP/Components/vl53l3cx/modules" -I"/home/robbe/Desktop/Github/GestureControl/Code 2.0/GestureControl/Gesture Control F302RCV0/Drivers/BSP/Components/vl53l3cx" -I../Core/Inc -I../Drivers/STM32F3xx_HAL_Driver/Inc -I../Drivers/STM32F3xx_HAL_Driver/Inc/Legacy -I../Drivers/CMSIS/Device/ST/STM32F3xx/Include -I../Drivers/CMSIS/Include -I../X-CUBE-TOF1/Target -O0 -ffunction-sections -fdata-sections -Wall -fstack-usage -MMD -MP -MF"Core/Src/syscalls.d" -MT"Core/Src/syscalls.o" --specs=nano.specs -mfpu=fpv4-sp-d16 -mfloat-abi=hard -mthumb -o "Core/Src/syscalls.o"
../Core/Src/custom_bus.c:480:23: warning: 'I2C_Init' defined but not used [-Wunused-function]
  480 |     HAL_StatusTypeDef I2C_Init(void){
      |                       ^~~~~~~~
arm-none-eabi-gcc "../Core/Src/sysmem.c" -mcpu=cortex-m4 -std=gnu11 -g3 -DDEBUG -DUSE_HAL_DRIVER -DSTM32F302xC -c -I"/home/robbe/Desktop/Github/GestureControl/Code 2.0/GestureControl/Gesture Control F302RCV0/Drivers/BSP/Components" -I"/home/robbe/Desktop/Github/GestureControl/Code 2.0/GestureControl/Gesture Control F302RCV0/Drivers/BSP/Components/vl53l3cx/modules" -I"/home/robbe/Desktop/Github/GestureControl/Code 2.0/GestureControl/Gesture Control F302RCV0/Drivers/BSP/Components/vl53l3cx" -I../Core/Inc -I../Drivers/STM32F3xx_HAL_Driver/Inc -I../Drivers/STM32F3xx_HAL_Driver/Inc/Legacy -I../Drivers/CMSIS/Device/ST/STM32F3xx/Include -I../Drivers/CMSIS/Include -I../X-CUBE-TOF1/Target -O0 -ffunction-sections -fdata-sections -Wall -fstack-usage -MMD -MP -MF"Core/Src/sysmem.d" -MT"Core/Src/sysmem.o" --specs=nano.specs -mfpu=fpv4-sp-d16 -mfloat-abi=hard -mthumb -o "Core/Src/sysmem.o"
arm-none-eabi-gcc "../Core/Src/system_stm32f3xx.c" -mcpu=cortex-m4 -std=gnu11 -g3 -DDEBUG -DUSE_HAL_DRIVER -DSTM32F302xC -c -I"/home/robbe/Desktop/Github/GestureControl/Code 2.0/GestureControl/Gesture Control F302RCV0/Drivers/BSP/Components" -I"/home/robbe/Desktop/Github/GestureControl/Code 2.0/GestureControl/Gesture Control F302RCV0/Drivers/BSP/Components/vl53l3cx/modules" -I"/home/robbe/Desktop/Github/GestureControl/Code 2.0/GestureControl/Gesture Control F302RCV0/Drivers/BSP/Components/vl53l3cx" -I../Core/Inc -I../Drivers/STM32F3xx_HAL_Driver/Inc -I../Drivers/STM32F3xx_HAL_Driver/Inc/Legacy -I../Drivers/CMSIS/Device/ST/STM32F3xx/Include -I../Drivers/CMSIS/Include -I../X-CUBE-TOF1/Target -O0 -ffunction-sections -fdata-sections -Wall -fstack-usage -MMD -MP -MF"Core/Src/system_stm32f3xx.d" -MT"Core/Src/system_stm32f3xx.o" --specs=nano.specs -mfpu=fpv4-sp-d16 -mfloat-abi=hard -mthumb -o "Core/Src/system_stm32f3xx.o"
arm-none-eabi-gcc "../Core/Src/usart.c" -mcpu=cortex-m4 -std=gnu11 -g3 -DDEBUG -DUSE_HAL_DRIVER -DSTM32F302xC -c -I"/home/robbe/Desktop/Github/GestureControl/Code 2.0/GestureControl/Gesture Control F302RCV0/Drivers/BSP/Components" -I"/home/robbe/Desktop/Github/GestureControl/Code 2.0/GestureControl/Gesture Control F302RCV0/Drivers/BSP/Components/vl53l3cx/modules" -I"/home/robbe/Desktop/Github/GestureControl/Code 2.0/GestureControl/Gesture Control F302RCV0/Drivers/BSP/Components/vl53l3cx" -I../Core/Inc -I../Drivers/STM32F3xx_HAL_Driver/Inc -I../Drivers/STM32F3xx_HAL_Driver/Inc/Legacy -I../Drivers/CMSIS/Device/ST/STM32F3xx/Include -I../Drivers/CMSIS/Include -I../X-CUBE-TOF1/Target -O0 -ffunction-sections -fdata-sections -Wall -fstack-usage -MMD -MP -MF"Core/Src/usart.d" -MT"Core/Src/usart.o" --specs=nano.specs -mfpu=fpv4-sp-d16 -mfloat-abi=hard -mthumb -o "Core/Src/usart.o"
arm-none-eabi-gcc -o "Gesture Control F302RCV0.elf" @"objects.list"   -mcpu=cortex-m4 -T"/home/robbe/Desktop/Github/GestureControl/Code 2.0/GestureControl/Gesture Control F302RCV0/STM32F302RCTX_FLASH.ld" --specs=nosys.specs -Wl,-Map="Gesture Control F302RCV0.map" -Wl,--gc-sections -static --specs=nano.specs -mfpu=fpv4-sp-d16 -mfloat-abi=hard -mthumb -Wl,--start-group -lc -lm -Wl,--end-group
Finished building target: Gesture Control F302RCV0.elf
 
arm-none-eabi-size   Gesture\ Control\ F302RCV0.elf 
arm-none-eabi-objdump -h -S  Gesture\ Control\ F302RCV0.elf  > "Gesture Control F302RCV0.list"
arm-none-eabi-objcopy  -O binary  Gesture\ Control\ F302RCV0.elf  "Gesture Control F302RCV0.bin"
   text	   data	    bss	    dec	    hex	filename
  80468	     64	   2504	  83036	  1445c	Gesture Control F302RCV0.elf
Finished building: default.size.stdout
 
Finished building: Gesture Control F302RCV0.bin
 
Finished building: Gesture Control F302RCV0.list
 
19:21:48 **** Incremental Build of configuration Debug for project Gesture Control F302RCV0 ****
make -j12 all 
arm-none-eabi-size   Gesture\ Control\ F302RCV0.elf 
   text	   data	    bss	    dec	    hex	filename
  80468	     64	   2504	  83036	  1445c	Gesture Control F302RCV0.elf
Finished building: default.size.stdout
 
19:23:19 **** Incremental Build of configuration Debug for project Gesture Control F302RCV0 ****
make -j12 all 
arm-none-eabi-gcc "../Core/Src/main.c" -mcpu=cortex-m4 -std=gnu11 -g3 -DDEBUG -DUSE_HAL_DRIVER -DSTM32F302xC -c -I"/home/robbe/Desktop/Github/GestureControl/Code 2.0/GestureControl/Gesture Control F302RCV0/Drivers/BSP/Components" -I"/home/robbe/Desktop/Github/GestureControl/Code 2.0/GestureControl/Gesture Control F302RCV0/Drivers/BSP/Components/vl53l3cx/modules" -I"/home/robbe/Desktop/Github/GestureControl/Code 2.0/GestureControl/Gesture Control F302RCV0/Drivers/BSP/Components/vl53l3cx" -I../Core/Inc -I../Drivers/STM32F3xx_HAL_Driver/Inc -I../Drivers/STM32F3xx_HAL_Driver/Inc/Legacy -I../Drivers/CMSIS/Device/ST/STM32F3xx/Include -I../Drivers/CMSIS/Include -I../X-CUBE-TOF1/Target -O0 -ffunction-sections -fdata-sections -Wall -fstack-usage -MMD -MP -MF"Core/Src/main.d" -MT"Core/Src/main.o" --specs=nano.specs -mfpu=fpv4-sp-d16 -mfloat-abi=hard -mthumb -o "Core/Src/main.o"
../Core/Src/main.c: In function 'main':
../Core/Src/main.c:148:24: warning: format '%d' expects argument of type 'int', but argument 2 has type 'uint32_t' {aka 'long unsigned int'} [-Wformat=]
  148 |    printf("distance: %4d\r\n", results.ZoneResult[0].Distance[0]);
      |                      ~~^       ~~~~~~~~~~~~~~~~~~~~~~~~~~~~~~~~~
      |                        |                                     |
      |                        int                                   uint32_t {aka long unsigned int}
      |                      %4ld
arm-none-eabi-gcc -o "Gesture Control F302RCV0.elf" @"objects.list"   -mcpu=cortex-m4 -T"/home/robbe/Desktop/Github/GestureControl/Code 2.0/GestureControl/Gesture Control F302RCV0/STM32F302RCTX_FLASH.ld" --specs=nosys.specs -Wl,-Map="Gesture Control F302RCV0.map" -Wl,--gc-sections -static --specs=nano.specs -mfpu=fpv4-sp-d16 -mfloat-abi=hard -mthumb -Wl,--start-group -lc -lm -Wl,--end-group
Finished building target: Gesture Control F302RCV0.elf
 
arm-none-eabi-size   Gesture\ Control\ F302RCV0.elf 
arm-none-eabi-objdump -h -S  Gesture\ Control\ F302RCV0.elf  > "Gesture Control F302RCV0.list"
arm-none-eabi-objcopy  -O binary  Gesture\ Control\ F302RCV0.elf  "Gesture Control F302RCV0.bin"
   text	   data	    bss	    dec	    hex	filename
  85260	    164	   2532	  87956	  15794	Gesture Control F302RCV0.elf
Finished building: default.size.stdout
 
Finished building: Gesture Control F302RCV0.bin
 
Finished building: Gesture Control F302RCV0.list
 
